Archive member included to satisfy reference by file (symbol)

/home/vahid/ARM-Toolchain/gcc-arm-none-eabi-9-2019-q4-major/bin/../lib/gcc/arm-none-eabi/9.2.1/../../../../arm-none-eabi/lib/thumb/v7-m/nofp/libc_nano.a(lib_a-exit.o)
                              /home/vahid/ARM-Toolchain/gcc-arm-none-eabi-9-2019-q4-major/bin/../lib/gcc/arm-none-eabi/9.2.1/../../../../arm-none-eabi/lib/thumb/v7-m/nofp/crt0.o (exit)
/home/vahid/ARM-Toolchain/gcc-arm-none-eabi-9-2019-q4-major/bin/../lib/gcc/arm-none-eabi/9.2.1/../../../../arm-none-eabi/lib/thumb/v7-m/nofp/libc_nano.a(lib_a-impure.o)
                              /home/vahid/ARM-Toolchain/gcc-arm-none-eabi-9-2019-q4-major/bin/../lib/gcc/arm-none-eabi/9.2.1/../../../../arm-none-eabi/lib/thumb/v7-m/nofp/libc_nano.a(lib_a-exit.o) (_global_impure_ptr)
/home/vahid/ARM-Toolchain/gcc-arm-none-eabi-9-2019-q4-major/bin/../lib/gcc/arm-none-eabi/9.2.1/../../../../arm-none-eabi/lib/thumb/v7-m/nofp/libc_nano.a(lib_a-init.o)
                              /home/vahid/ARM-Toolchain/gcc-arm-none-eabi-9-2019-q4-major/bin/../lib/gcc/arm-none-eabi/9.2.1/../../../../arm-none-eabi/lib/thumb/v7-m/nofp/crt0.o (__libc_init_array)
/home/vahid/ARM-Toolchain/gcc-arm-none-eabi-9-2019-q4-major/bin/../lib/gcc/arm-none-eabi/9.2.1/../../../../arm-none-eabi/lib/thumb/v7-m/nofp/libc_nano.a(lib_a-memset.o)
                              /home/vahid/ARM-Toolchain/gcc-arm-none-eabi-9-2019-q4-major/bin/../lib/gcc/arm-none-eabi/9.2.1/../../../../arm-none-eabi/lib/thumb/v7-m/nofp/crt0.o (memset)
/home/vahid/ARM-Toolchain/gcc-arm-none-eabi-9-2019-q4-major/bin/../lib/gcc/arm-none-eabi/9.2.1/../../../../arm-none-eabi/lib/thumb/v7-m/nofp/libnosys.a(_exit.o)
                              /home/vahid/ARM-Toolchain/gcc-arm-none-eabi-9-2019-q4-major/bin/../lib/gcc/arm-none-eabi/9.2.1/../../../../arm-none-eabi/lib/thumb/v7-m/nofp/libc_nano.a(lib_a-exit.o) (_exit)

Allocating common symbols
Common symbol       size              file

hUsbDeviceFS        0x2c4             build/usb_device.o
uwTick              0x4               build/stm32f1xx_hal.o
pFlash              0x20              build/stm32f1xx_hal_flash.o
hpcd_USB_FS         0x26c             build/usbd_conf.o
USBD_StrDesc        0x200             build/usbd_desc.o

Discarded input sections

 .text          0x0000000000000000        0x0 /home/vahid/ARM-Toolchain/gcc-arm-none-eabi-9-2019-q4-major/bin/../lib/gcc/arm-none-eabi/9.2.1/thumb/v7-m/nofp/crti.o
 .data          0x0000000000000000        0x0 /home/vahid/ARM-Toolchain/gcc-arm-none-eabi-9-2019-q4-major/bin/../lib/gcc/arm-none-eabi/9.2.1/thumb/v7-m/nofp/crti.o
 .bss           0x0000000000000000        0x0 /home/vahid/ARM-Toolchain/gcc-arm-none-eabi-9-2019-q4-major/bin/../lib/gcc/arm-none-eabi/9.2.1/thumb/v7-m/nofp/crti.o
 .data          0x0000000000000000        0x4 /home/vahid/ARM-Toolchain/gcc-arm-none-eabi-9-2019-q4-major/bin/../lib/gcc/arm-none-eabi/9.2.1/thumb/v7-m/nofp/crtbegin.o
 .text          0x0000000000000000       0x74 /home/vahid/ARM-Toolchain/gcc-arm-none-eabi-9-2019-q4-major/bin/../lib/gcc/arm-none-eabi/9.2.1/../../../../arm-none-eabi/lib/thumb/v7-m/nofp/crt0.o
 .data          0x0000000000000000        0x0 /home/vahid/ARM-Toolchain/gcc-arm-none-eabi-9-2019-q4-major/bin/../lib/gcc/arm-none-eabi/9.2.1/../../../../arm-none-eabi/lib/thumb/v7-m/nofp/crt0.o
 .bss           0x0000000000000000        0x0 /home/vahid/ARM-Toolchain/gcc-arm-none-eabi-9-2019-q4-major/bin/../lib/gcc/arm-none-eabi/9.2.1/../../../../arm-none-eabi/lib/thumb/v7-m/nofp/crt0.o
 .ARM.extab     0x0000000000000000        0x0 /home/vahid/ARM-Toolchain/gcc-arm-none-eabi-9-2019-q4-major/bin/../lib/gcc/arm-none-eabi/9.2.1/../../../../arm-none-eabi/lib/thumb/v7-m/nofp/crt0.o
 .ARM.exidx     0x0000000000000000        0x8 /home/vahid/ARM-Toolchain/gcc-arm-none-eabi-9-2019-q4-major/bin/../lib/gcc/arm-none-eabi/9.2.1/../../../../arm-none-eabi/lib/thumb/v7-m/nofp/crt0.o
 .ARM.attributes
                0x0000000000000000       0x1b /home/vahid/ARM-Toolchain/gcc-arm-none-eabi-9-2019-q4-major/bin/../lib/gcc/arm-none-eabi/9.2.1/../../../../arm-none-eabi/lib/thumb/v7-m/nofp/crt0.o
 .text          0x0000000000000000        0x0 build/main.o
 .data          0x0000000000000000        0x0 build/main.o
 .bss           0x0000000000000000        0x0 build/main.o
 .text          0x0000000000000000        0x0 build/usb_device.o
 .data          0x0000000000000000        0x0 build/usb_device.o
 .bss           0x0000000000000000        0x0 build/usb_device.o
 .text          0x0000000000000000        0x0 build/usbd_conf.o
 .data          0x0000000000000000        0x0 build/usbd_conf.o
 .bss           0x0000000000000000        0x0 build/usbd_conf.o
 .text.HAL_PCD_MspDeInit
                0x0000000000000000       0x28 build/usbd_conf.o
 .text.HAL_PCD_ISOOUTIncompleteCallback
                0x0000000000000000        0xc build/usbd_conf.o
 .text.HAL_PCD_ISOINIncompleteCallback
                0x0000000000000000        0xc build/usbd_conf.o
[...]
Memory Configuration

Name             Origin             Length             Attributes
RAM              0x0000000020000000 0x0000000000005000 xrw
FLASH            0x0000000008000000 0x0000000000010000 xr
*default*        0x0000000000000000 0xffffffffffffffff

Linker script and memory map

LOAD /home/vahid/ARM-Toolchain/gcc-arm-none-eabi-9-2019-q4-major/bin/../lib/gcc/arm-none-eabi/9.2.1/thumb/v7-m/nofp/crti.o
LOAD /home/vahid/ARM-Toolchain/gcc-arm-none-eabi-9-2019-q4-major/bin/../lib/gcc/arm-none-eabi/9.2.1/thumb/v7-m/nofp/crtbegin.o
LOAD /home/vahid/ARM-Toolchain/gcc-arm-none-eabi-9-2019-q4-major/bin/../lib/gcc/arm-none-eabi/9.2.1/../../../../arm-none-eabi/lib/thumb/v7-m/nofp/crt0.o
LOAD build/main.o
LOAD build/usb_device.o
LOAD build/usbd_conf.o
LOAD build/usbd_desc.o
LOAD build/stm32f1xx_it.o
LOAD build/stm32f1xx_hal_msp.o
LOAD build/stm32f1xx_hal_gpio_ex.o
LOAD build/stm32f1xx_hal_pcd.o
LOAD build/stm32f1xx_hal_pcd_ex.o
LOAD build/stm32f1xx_ll_usb.o
LOAD build/stm32f1xx_hal.o
LOAD build/stm32f1xx_hal_rcc.o
LOAD build/stm32f1xx_hal_rcc_ex.o
LOAD build/stm32f1xx_hal_gpio.o
LOAD build/stm32f1xx_hal_dma.o
LOAD build/stm32f1xx_hal_cortex.o
LOAD build/stm32f1xx_hal_pwr.o
LOAD build/stm32f1xx_hal_flash.o
LOAD build/stm32f1xx_hal_flash_ex.o
LOAD build/stm32f1xx_hal_exti.o
LOAD build/stm32f1xx_hal_tim.o
LOAD build/stm32f1xx_hal_tim_ex.o
LOAD build/system_stm32f1xx.o
LOAD build/usbd_core.o
LOAD build/usbd_ctlreq.o
LOAD build/usbd_ioreq.o
LOAD build/usbd_hid.o
LOAD build/startup_stm32f103xb.o
LOAD /home/vahid/ARM-Toolchain/gcc-arm-none-eabi-9-2019-q4-major/bin/../lib/gcc/arm-none-eabi/9.2.1/../../../../arm-none-eabi/lib/thumb/v7-m/nofp/libc_nano.a
LOAD /home/vahid/ARM-Toolchain/gcc-arm-none-eabi-9-2019-q4-major/bin/../lib/gcc/arm-none-eabi/9.2.1/../../../../arm-none-eabi/lib/thumb/v7-m/nofp/libm.a
LOAD /home/vahid/ARM-Toolchain/gcc-arm-none-eabi-9-2019-q4-major/bin/../lib/gcc/arm-none-eabi/9.2.1/../../../../arm-none-eabi/lib/thumb/v7-m/nofp/libnosys.a
START GROUP
LOAD /home/vahid/ARM-Toolchain/gcc-arm-none-eabi-9-2019-q4-major/bin/../lib/gcc/arm-none-eabi/9.2.1/thumb/v7-m/nofp/libgcc.a
LOAD /home/vahid/ARM-Toolchain/gcc-arm-none-eabi-9-2019-q4-major/bin/../lib/gcc/arm-none-eabi/9.2.1/../../../../arm-none-eabi/lib/thumb/v7-m/nofp/libc_nano.a
END GROUP
START GROUP
LOAD /home/vahid/ARM-Toolchain/gcc-arm-none-eabi-9-2019-q4-major/bin/../lib/gcc/arm-none-eabi/9.2.1/thumb/v7-m/nofp/libgcc.a
LOAD /home/vahid/ARM-Toolchain/gcc-arm-none-eabi-9-2019-q4-major/bin/../lib/gcc/arm-none-eabi/9.2.1/../../../../arm-none-eabi/lib/thumb/v7-m/nofp/libc_nano.a
END GROUP
LOAD /home/vahid/ARM-Toolchain/gcc-arm-none-eabi-9-2019-q4-major/bin/../lib/gcc/arm-none-eabi/9.2.1/thumb/v7-m/nofp/crtend.o
LOAD /home/vahid/ARM-Toolchain/gcc-arm-none-eabi-9-2019-q4-major/bin/../lib/gcc/arm-none-eabi/9.2.1/thumb/v7-m/nofp/crtn.o
                0x0000000020005000                _estack = 0x20005000
                0x0000000000000200                _Min_Heap_Size = 0x200
                0x0000000000000400                _Min_Stack_Size = 0x400

.isr_vector     0x0000000008000000      0x10c
                0x0000000008000000                . = ALIGN (0x4)
 *(.isr_vector)
 .isr_vector    0x0000000008000000      0x10c build/startup_stm32f103xb.o
                0x0000000008000000                g_pfnVectors
                0x000000000800010c                . = ALIGN (0x4)

.text           0x000000000800010c     0x2d14
                0x000000000800010c                . = ALIGN (0x4)
 *(.text)
 .text          0x000000000800010c       0x40 /home/vahid/ARM-Toolchain/gcc-arm-none-eabi-9-2019-q4-major/bin/../lib/gcc/arm-none-eabi/9.2.1/thumb/v7-m/nofp/crtbegin.o
 *(.text*)
 .text.MX_GPIO_Init
                0x000000000800014c       0x30 build/main.o
 .text.SystemClock_Config
                0x000000000800017c       0x6a build/main.o
                0x000000000800017c                SystemClock_Config
 *fill*         0x00000000080001e6        0x2 
 .text.main     0x00000000080001e8       0x5c build/main.o
                0x00000000080001e8                main
 .text.Error_Handler
                0x0000000008000244        0x2 build/main.o
                0x0000000008000244                Error_Handler
 *fill*         0x0000000008000246        0x2 
 .text.MX_USB_DEVICE_Init
                0x0000000008000248       0x40 build/usb_device.o
                0x0000000008000248                MX_USB_DEVICE_Init
 .text.USBD_Get_USB_Status
                0x0000000008000288       0x14 build/usbd_conf.o
 .text.HAL_PCD_MspInit
                0x000000000800029c       0x40 build/usbd_conf.o
                0x000000000800029c                HAL_PCD_MspInit
 .text.HAL_PCD_SetupStageCallback
                0x00000000080002dc       0x10 build/usbd_conf.o
                0x00000000080002dc                HAL_PCD_SetupStageCallback
 .text.HAL_PCD_DataOutStageCallback
                0x00000000080002ec       0x14 build/usbd_conf.o
                0x00000000080002ec                HAL_PCD_DataOutStageCallback
 .text.HAL_PCD_DataInStageCallback
                0x0000000008000300       0x12 build/usbd_conf.o
                0x0000000008000300                HAL_PCD_DataInStageCallback
 .text.HAL_PCD_SOFCallback
                0x0000000008000312        0xc build/usbd_conf.o
                0x0000000008000312                HAL_PCD_SOFCallback
 .text.HAL_PCD_ResetCallback
                0x000000000800031e       0x24 build/usbd_conf.o
                0x000000000800031e                HAL_PCD_ResetCallback
 *fill*         0x0000000008000342        0x2 
 .text.HAL_PCD_SuspendCallback
                0x0000000008000344       0x20 build/usbd_conf.o
                0x0000000008000344                HAL_PCD_SuspendCallback
 .text.HAL_PCD_ResumeCallback
                0x0000000008000364        0xc build/usbd_conf.o
                0x0000000008000364                HAL_PCD_ResumeCallback
 .text.USBD_LL_Init
                0x0000000008000370       0x68 build/usbd_conf.o
                0x0000000008000370                USBD_LL_Init
 .text.USBD_LL_Start
                0x00000000080003d8       0x10 build/usbd_conf.o
                0x00000000080003d8                USBD_LL_Start
 .text.USBD_LL_OpenEP
                0x00000000080003e8       0x16 build/usbd_conf.o
                0x00000000080003e8                USBD_LL_OpenEP
 .text.USBD_LL_CloseEP
                0x00000000080003fe       0x10 build/usbd_conf.o
                0x00000000080003fe                USBD_LL_CloseEP
 .text.USBD_LL_StallEP
                0x000000000800040e       0x10 build/usbd_conf.o
                0x000000000800040e                USBD_LL_StallEP
 .text.USBD_LL_ClearStallEP
                0x000000000800041e       0x10 build/usbd_conf.o
                0x000000000800041e                USBD_LL_ClearStallEP
 .text.USBD_LL_IsStallEP
                0x000000000800042e       0x26 build/usbd_conf.o
                0x000000000800042e                USBD_LL_IsStallEP
 .text.USBD_LL_SetUSBAddress
                0x0000000008000454       0x10 build/usbd_conf.o
                0x0000000008000454                USBD_LL_SetUSBAddress
 .text.USBD_LL_Transmit
                0x0000000008000464       0x10 build/usbd_conf.o
                0x0000000008000464                USBD_LL_Transmit
 .text.USBD_LL_PrepareReceive
                0x0000000008000474       0x10 build/usbd_conf.o
                0x0000000008000474                USBD_LL_PrepareReceive
 .text.USBD_static_malloc
                0x0000000008000484        0x8 build/usbd_conf.o
                0x0000000008000484                USBD_static_malloc
 .text.USBD_static_free
                0x000000000800048c        0x2 build/usbd_conf.o
                0x000000000800048c                USBD_static_free
 .text.HAL_PCDEx_SetConnectionState
                0x000000000800048e        0x2 build/usbd_conf.o
                0x000000000800048e                HAL_PCDEx_SetConnectionState
 .text.USBD_FS_DeviceDescriptor
                0x0000000008000490        0xc build/usbd_desc.o
                0x0000000008000490                USBD_FS_DeviceDescriptor
 .text.USBD_FS_LangIDStrDescriptor
                0x000000000800049c        0xc build/usbd_desc.o
                0x000000000800049c                USBD_FS_LangIDStrDescriptor
 .text.IntToUnicode
                0x00000000080004a8       0x38 build/usbd_desc.o
 .text.Get_SerialNum
                0x00000000080004e0       0x34 build/usbd_desc.o
 .text.USBD_FS_SerialStrDescriptor
                0x0000000008000514       0x14 build/usbd_desc.o
                0x0000000008000514                USBD_FS_SerialStrDescriptor
 .text.USBD_FS_ProductStrDescriptor
                0x0000000008000528       0x24 build/usbd_desc.o
                0x0000000008000528                USBD_FS_ProductStrDescriptor
 .text.USBD_FS_ManufacturerStrDescriptor
                0x000000000800054c       0x1c build/usbd_desc.o
                0x000000000800054c                USBD_FS_ManufacturerStrDescriptor
 .text.USBD_FS_ConfigStrDescriptor
                0x0000000008000568       0x24 build/usbd_desc.o
                0x0000000008000568                USBD_FS_ConfigStrDescriptor
 .text.USBD_FS_InterfaceStrDescriptor
                0x000000000800058c       0x24 build/usbd_desc.o
                0x000000000800058c                USBD_FS_InterfaceStrDescriptor
 .text.NMI_Handler
                0x00000000080005b0        0x2 build/stm32f1xx_it.o
                0x00000000080005b0                NMI_Handler
 .text.HardFault_Handler
                0x00000000080005b2        0x2 build/stm32f1xx_it.o
                0x00000000080005b2                HardFault_Handler
 .text.MemManage_Handler
                0x00000000080005b4        0x2 build/stm32f1xx_it.o
                0x00000000080005b4                MemManage_Handler
 .text.BusFault_Handler
                0x00000000080005b6        0x2 build/stm32f1xx_it.o
                0x00000000080005b6                BusFault_Handler
 .text.UsageFault_Handler
                0x00000000080005b8        0x2 build/stm32f1xx_it.o
                0x00000000080005b8                UsageFault_Handler
 .text.SVC_Handler
                0x00000000080005ba        0x2 build/stm32f1xx_it.o
                0x00000000080005ba                SVC_Handler
 .text.DebugMon_Handler
                0x00000000080005bc        0x2 build/stm32f1xx_it.o
                0x00000000080005bc                DebugMon_Handler
 .text.PendSV_Handler
                0x00000000080005be        0x2 build/stm32f1xx_it.o
                0x00000000080005be                PendSV_Handler
 .text.SysTick_Handler
                0x00000000080005c0        0x8 build/stm32f1xx_it.o
                0x00000000080005c0                SysTick_Handler
 .text.USB_LP_CAN1_RX0_IRQHandler
                0x00000000080005c8       0x10 build/stm32f1xx_it.o
                0x00000000080005c8                USB_LP_CAN1_RX0_IRQHandler
 .text.HAL_MspInit
                0x00000000080005d8       0x44 build/stm32f1xx_hal_msp.o
                0x00000000080005d8                HAL_MspInit
 .text.HAL_PCD_Init
                0x000000000800061c       0xf4 build/stm32f1xx_hal_pcd.o
                0x000000000800061c                HAL_PCD_Init
 .text.HAL_PCD_Start
                0x0000000008000710       0x2e build/stm32f1xx_hal_pcd.o
                0x0000000008000710                HAL_PCD_Start
 .text.HAL_PCD_SetAddress
                0x000000000800073e       0x28 build/stm32f1xx_hal_pcd.o
                0x000000000800073e                HAL_PCD_SetAddress
 .text.HAL_PCD_EP_Open
                0x0000000008000766       0x70 build/stm32f1xx_hal_pcd.o
                0x0000000008000766                HAL_PCD_EP_Open
 .text.HAL_PCD_EP_Close
                0x00000000080007d6       0x5c build/stm32f1xx_hal_pcd.o
                0x00000000080007d6                HAL_PCD_EP_Close
 .text.HAL_PCD_EP_Receive
                0x0000000008000832       0x40 build/stm32f1xx_hal_pcd.o
                0x0000000008000832                HAL_PCD_EP_Receive
 .text.HAL_PCD_EP_Transmit
                0x0000000008000872       0x3e build/stm32f1xx_hal_pcd.o
                0x0000000008000872                HAL_PCD_EP_Transmit
 .text.PCD_EP_ISR_Handler
                0x00000000080008b0      0x390 build/stm32f1xx_hal_pcd.o
 .text.HAL_PCD_IRQHandler
                0x0000000008000c40      0x176 build/stm32f1xx_hal_pcd.o
                0x0000000008000c40                HAL_PCD_IRQHandler
 .text.HAL_PCD_EP_SetStall
                0x0000000008000db6       0x6e build/stm32f1xx_hal_pcd.o
                0x0000000008000db6                HAL_PCD_EP_SetStall
 .text.HAL_PCD_EP_ClrStall
                0x0000000008000e24       0x6e build/stm32f1xx_hal_pcd.o
                0x0000000008000e24                HAL_PCD_EP_ClrStall
 .text.HAL_PCDEx_PMAConfig
                0x0000000008000e92       0x30 build/stm32f1xx_hal_pcd_ex.o
                0x0000000008000e92                HAL_PCDEx_PMAConfig
 .text.USB_CoreInit
                0x0000000008000ec2        0xe build/stm32f1xx_ll_usb.o
                0x0000000008000ec2                USB_CoreInit
 .text.USB_EnableGlobalInt
                0x0000000008000ed0       0x12 build/stm32f1xx_ll_usb.o
                0x0000000008000ed0                USB_EnableGlobalInt
 .text.USB_DisableGlobalInt
                0x0000000008000ee2       0x14 build/stm32f1xx_ll_usb.o
                0x0000000008000ee2                USB_DisableGlobalInt
 .text.USB_SetCurrentMode
                0x0000000008000ef6        0x4 build/stm32f1xx_ll_usb.o
                0x0000000008000ef6                USB_SetCurrentMode
 .text.USB_DevInit
                0x0000000008000efa       0x2c build/stm32f1xx_ll_usb.o
                0x0000000008000efa                USB_DevInit
 .text.USB_ActivateEndpoint
                0x0000000008000f26      0x376 build/stm32f1xx_ll_usb.o
                0x0000000008000f26                USB_ActivateEndpoint
 .text.USB_DeactivateEndpoint
                0x000000000800129c      0x1d4 build/stm32f1xx_ll_usb.o
                0x000000000800129c                USB_DeactivateEndpoint
 .text.USB_EPSetStall
                0x0000000008001470       0x4a build/stm32f1xx_ll_usb.o
                0x0000000008001470                USB_EPSetStall
 .text.USB_EPClearStall
                0x00000000080014ba       0xa2 build/stm32f1xx_ll_usb.o
                0x00000000080014ba                USB_EPClearStall
 .text.USB_SetDevAddress
                0x000000000800155c        0xc build/stm32f1xx_ll_usb.o
                0x000000000800155c                USB_SetDevAddress
 .text.USB_DevConnect
                0x0000000008001568        0x4 build/stm32f1xx_ll_usb.o
                0x0000000008001568                USB_DevConnect
 .text.USB_DevDisconnect
                0x000000000800156c        0x4 build/stm32f1xx_ll_usb.o
                0x000000000800156c                USB_DevDisconnect
 .text.USB_ReadInterrupts
                0x0000000008001570        0x8 build/stm32f1xx_ll_usb.o
                0x0000000008001570                USB_ReadInterrupts
 .text.USB_EP0_OutStart
                0x0000000008001578        0x4 build/stm32f1xx_ll_usb.o
                0x0000000008001578                USB_EP0_OutStart
 .text.USB_WritePMA
                0x000000000800157c       0x26 build/stm32f1xx_ll_usb.o
                0x000000000800157c                USB_WritePMA
 .text.USB_EPStartXfer
                0x00000000080015a2      0x352 build/stm32f1xx_ll_usb.o
                0x00000000080015a2                USB_EPStartXfer
 .text.USB_ReadPMA
                0x00000000080018f4       0x2e build/stm32f1xx_ll_usb.o
                0x00000000080018f4                USB_ReadPMA
 *fill*         0x0000000008001922        0x2 
 .text.HAL_InitTick
                0x0000000008001924       0x4c build/stm32f1xx_hal.o
                0x0000000008001924                HAL_InitTick
 .text.HAL_Init
                0x0000000008001970       0x24 build/stm32f1xx_hal.o
                0x0000000008001970                HAL_Init
 .text.HAL_IncTick
                0x0000000008001994       0x18 build/stm32f1xx_hal.o
                0x0000000008001994                HAL_IncTick
 .text.HAL_GetTick
                0x00000000080019ac        0xc build/stm32f1xx_hal.o
                0x00000000080019ac                HAL_GetTick
 .text.HAL_Delay
                0x00000000080019b8       0x28 build/stm32f1xx_hal.o
                0x00000000080019b8                HAL_Delay
 .text.RCC_Delay
                0x00000000080019e0       0x2c build/stm32f1xx_hal_rcc.o
 .text.HAL_RCC_OscConfig
                0x0000000008001a0c      0x410 build/stm32f1xx_hal_rcc.o
                0x0000000008001a0c                HAL_RCC_OscConfig
 .text.HAL_RCC_GetSysClockFreq
                0x0000000008001e1c       0x6c build/stm32f1xx_hal_rcc.o
                0x0000000008001e1c                HAL_RCC_GetSysClockFreq
 .text.HAL_RCC_ClockConfig
                0x0000000008001e88      0x16c build/stm32f1xx_hal_rcc.o
                0x0000000008001e88                HAL_RCC_ClockConfig
 .text.HAL_RCCEx_PeriphCLKConfig
                0x0000000008001ff4      0x114 build/stm32f1xx_hal_rcc_ex.o
                0x0000000008001ff4                HAL_RCCEx_PeriphCLKConfig
 .text.HAL_NVIC_SetPriorityGrouping
                0x0000000008002108       0x24 build/stm32f1xx_hal_cortex.o
                0x0000000008002108                HAL_NVIC_SetPriorityGrouping
 .text.HAL_NVIC_SetPriority
                0x000000000800212c       0x68 build/stm32f1xx_hal_cortex.o
                0x000000000800212c                HAL_NVIC_SetPriority
 .text.HAL_NVIC_EnableIRQ
                0x0000000008002194       0x1c build/stm32f1xx_hal_cortex.o
                0x0000000008002194                HAL_NVIC_EnableIRQ
 .text.HAL_SYSTICK_Config
                0x00000000080021b0       0x2c build/stm32f1xx_hal_cortex.o
                0x00000000080021b0                HAL_SYSTICK_Config
 .text.SystemInit
                0x00000000080021dc       0x4c build/system_stm32f1xx.o
                0x00000000080021dc                SystemInit
 .text.USBD_Init
                0x0000000008002228       0x2e build/usbd_core.o
                0x0000000008002228                USBD_Init
 .text.USBD_RegisterClass
                0x0000000008002256        0xe build/usbd_core.o
                0x0000000008002256                USBD_RegisterClass
 .text.USBD_Start
                0x0000000008002264        0xa build/usbd_core.o
                0x0000000008002264                USBD_Start
 .text.USBD_SetClassConfig
                0x000000000800226e       0x18 build/usbd_core.o
                0x000000000800226e                USBD_SetClassConfig
 .text.USBD_ClrClassConfig
                0x0000000008002286        0xe build/usbd_core.o
                0x0000000008002286                USBD_ClrClassConfig
 .text.USBD_LL_SetupStage
                0x0000000008002294       0x5a build/usbd_core.o
                0x0000000008002294                USBD_LL_SetupStage
 .text.USBD_LL_DataOutStage
                0x00000000080022ee       0x8c build/usbd_core.o
                0x00000000080022ee                USBD_LL_DataOutStage
 .text.USBD_LL_DataInStage
                0x000000000800237a       0xd0 build/usbd_core.o
                0x000000000800237a                USBD_LL_DataInStage
 .text.USBD_LL_Reset
                0x000000000800244a       0x50 build/usbd_core.o
                0x000000000800244a                USBD_LL_Reset
 .text.USBD_LL_SetSpeed
                0x000000000800249a        0x6 build/usbd_core.o
                0x000000000800249a                USBD_LL_SetSpeed
 .text.USBD_LL_Suspend
                0x00000000080024a0       0x12 build/usbd_core.o
                0x00000000080024a0                USBD_LL_Suspend
 .text.USBD_LL_Resume
                0x00000000080024b2       0x16 build/usbd_core.o
                0x00000000080024b2                USBD_LL_Resume
 .text.USBD_LL_SOF
                0x00000000080024c8       0x1c build/usbd_core.o
                0x00000000080024c8                USBD_LL_SOF
 .text.USBD_GetLen
                0x00000000080024e4       0x12 build/usbd_ctlreq.o
 .text.USBD_SetFeature
                0x00000000080024f6       0x14 build/usbd_ctlreq.o
 .text.USBD_ParseSetupRequest
                0x000000000800250a       0x28 build/usbd_ctlreq.o
                0x000000000800250a                USBD_ParseSetupRequest
 .text.USBD_CtlError
                0x0000000008002532       0x14 build/usbd_ctlreq.o
                0x0000000008002532                USBD_CtlError
 .text.USBD_GetDescriptor
                0x0000000008002546      0x186 build/usbd_ctlreq.o
 .text.USBD_SetAddress
                0x00000000080026cc       0x4e build/usbd_ctlreq.o
 *fill*         0x000000000800271a        0x2 
 .text.USBD_SetConfig
                0x000000000800271c       0xb0 build/usbd_ctlreq.o
 .text.USBD_GetConfig
                0x00000000080027cc       0x3e build/usbd_ctlreq.o
 .text.USBD_GetStatus
                0x000000000800280a       0x38 build/usbd_ctlreq.o
 .text.USBD_ClrFeature
                0x0000000008002842       0x26 build/usbd_ctlreq.o
 .text.USBD_StdDevReq
                0x0000000008002868       0x68 build/usbd_ctlreq.o
                0x0000000008002868                USBD_StdDevReq
 .text.USBD_StdItfReq
                0x00000000080028d0       0x60 build/usbd_ctlreq.o
                0x00000000080028d0                USBD_StdItfReq
 .text.USBD_StdEPReq
                0x0000000008002930      0x1e2 build/usbd_ctlreq.o
                0x0000000008002930                USBD_StdEPReq
 .text.USBD_GetString
                0x0000000008002b12       0x38 build/usbd_ctlreq.o
                0x0000000008002b12                USBD_GetString
 .text.USBD_CtlSendData
                0x0000000008002b4a       0x1a build/usbd_ioreq.o
                0x0000000008002b4a                USBD_CtlSendData
 .text.USBD_CtlContinueSendData
                0x0000000008002b64       0x10 build/usbd_ioreq.o
                0x0000000008002b64                USBD_CtlContinueSendData
 .text.USBD_CtlContinueRx
                0x0000000008002b74       0x10 build/usbd_ioreq.o
                0x0000000008002b74                USBD_CtlContinueRx
 .text.USBD_CtlSendStatus
                0x0000000008002b84       0x16 build/usbd_ioreq.o
                0x0000000008002b84                USBD_CtlSendStatus
 .text.USBD_CtlReceiveStatus
                0x0000000008002b9a       0x16 build/usbd_ioreq.o
                0x0000000008002b9a                USBD_CtlReceiveStatus
 .text.USBD_HID_GetFSCfgDesc
                0x0000000008002bb0        0xc build/usbd_hid.o
 .text.USBD_HID_GetHSCfgDesc
                0x0000000008002bbc        0xc build/usbd_hid.o
 .text.USBD_HID_GetOtherSpeedCfgDesc
                0x0000000008002bc8        0xc build/usbd_hid.o
 .text.USBD_HID_DataIn
                0x0000000008002bd4        0xa build/usbd_hid.o
 *fill*         0x0000000008002bde        0x2 
 .text.USBD_HID_GetDeviceQualifierDesc
                0x0000000008002be0        0xc build/usbd_hid.o
 .text.USBD_HID_Setup
                0x0000000008002bec      0x114 build/usbd_hid.o
 .text.USBD_HID_DeInit
                0x0000000008002d00       0x22 build/usbd_hid.o
 .text.USBD_HID_Init
                0x0000000008002d22       0x2a build/usbd_hid.o
 .text.USBD_HID_SendReport
                0x0000000008002d4c       0x28 build/usbd_hid.o
                0x0000000008002d4c                USBD_HID_SendReport
 .text.Reset_Handler
                0x0000000008002d74       0x48 build/startup_stm32f103xb.o
                0x0000000008002d74                Reset_Handler
 .text.Default_Handler
                0x0000000008002dbc        0x2 build/startup_stm32f103xb.o
                0x0000000008002dbc                RTC_Alarm_IRQHandler
                0x0000000008002dbc                EXTI2_IRQHandler
                0x0000000008002dbc                TIM1_CC_IRQHandler
                0x0000000008002dbc                PVD_IRQHandler
                0x0000000008002dbc                EXTI3_IRQHandler
                0x0000000008002dbc                EXTI0_IRQHandler
                0x0000000008002dbc                I2C2_EV_IRQHandler
                0x0000000008002dbc                ADC1_2_IRQHandler
                0x0000000008002dbc                SPI1_IRQHandler
                0x0000000008002dbc                TAMPER_IRQHandler
                0x0000000008002dbc                DMA1_Channel4_IRQHandler
                0x0000000008002dbc                USART3_IRQHandler
                0x0000000008002dbc                RTC_IRQHandler
                0x0000000008002dbc                DMA1_Channel7_IRQHandler
                0x0000000008002dbc                CAN1_RX1_IRQHandler
                0x0000000008002dbc                TIM4_IRQHandler
                0x0000000008002dbc                I2C1_EV_IRQHandler
                0x0000000008002dbc                DMA1_Channel6_IRQHandler
                0x0000000008002dbc                TIM3_IRQHandler
                0x0000000008002dbc                RCC_IRQHandler
                0x0000000008002dbc                TIM1_TRG_COM_IRQHandler
                0x0000000008002dbc                DMA1_Channel1_IRQHandler
                0x0000000008002dbc                Default_Handler
                0x0000000008002dbc                EXTI15_10_IRQHandler
                0x0000000008002dbc                EXTI9_5_IRQHandler
                0x0000000008002dbc                SPI2_IRQHandler
                0x0000000008002dbc                DMA1_Channel5_IRQHandler
                0x0000000008002dbc                EXTI4_IRQHandler
                0x0000000008002dbc                USB_HP_CAN1_TX_IRQHandler
                0x0000000008002dbc                DMA1_Channel3_IRQHandler
                0x0000000008002dbc                TIM1_UP_IRQHandler
                0x0000000008002dbc                WWDG_IRQHandler
                0x0000000008002dbc                TIM2_IRQHandler
                0x0000000008002dbc                TIM1_BRK_IRQHandler
                0x0000000008002dbc                EXTI1_IRQHandler
                0x0000000008002dbc                USART2_IRQHandler
                0x0000000008002dbc                I2C2_ER_IRQHandler
                0x0000000008002dbc                DMA1_Channel2_IRQHandler
                0x0000000008002dbc                CAN1_SCE_IRQHandler
                0x0000000008002dbc                FLASH_IRQHandler
                0x0000000008002dbc                USART1_IRQHandler
                0x0000000008002dbc                I2C1_ER_IRQHandler
                0x0000000008002dbc                USBWakeUp_IRQHandler
 *fill*         0x0000000008002dbe        0x2 
 .text.__libc_init_array
                0x0000000008002dc0       0x48 /home/vahid/ARM-Toolchain/gcc-arm-none-eabi-9-2019-q4-major/bin/../lib/gcc/arm-none-eabi/9.2.1/../../../../arm-none-eabi/lib/thumb/v7-m/nofp/libc_nano.a(lib_a-init.o)
                0x0000000008002dc0                __libc_init_array
 *(.glue_7)
 .glue_7        0x0000000008002e08        0x0 linker stubs
 *(.glue_7t)
 .glue_7t       0x0000000008002e08        0x0 linker stubs
 *(.eh_frame)
 .eh_frame      0x0000000008002e08        0x0 /home/vahid/ARM-Toolchain/gcc-arm-none-eabi-9-2019-q4-major/bin/../lib/gcc/arm-none-eabi/9.2.1/thumb/v7-m/nofp/crtbegin.o
 *(.init)
 .init          0x0000000008002e08        0x4 /home/vahid/ARM-Toolchain/gcc-arm-none-eabi-9-2019-q4-major/bin/../lib/gcc/arm-none-eabi/9.2.1/thumb/v7-m/nofp/crti.o
                0x0000000008002e08                _init
 .init          0x0000000008002e0c        0x8 /home/vahid/ARM-Toolchain/gcc-arm-none-eabi-9-2019-q4-major/bin/../lib/gcc/arm-none-eabi/9.2.1/thumb/v7-m/nofp/crtn.o
 *(.fini)
 .fini          0x0000000008002e14        0x4 /home/vahid/ARM-Toolchain/gcc-arm-none-eabi-9-2019-q4-major/bin/../lib/gcc/arm-none-eabi/9.2.1/thumb/v7-m/nofp/crti.o
                0x0000000008002e14                _fini
 .fini          0x0000000008002e18        0x8 /home/vahid/ARM-Toolchain/gcc-arm-none-eabi-9-2019-q4-major/bin/../lib/gcc/arm-none-eabi/9.2.1/thumb/v7-m/nofp/crtn.o
                0x0000000008002e20                . = ALIGN (0x4)
                0x0000000008002e20                _etext = .

.vfp11_veneer   0x0000000008002e20        0x0
 .vfp11_veneer  0x0000000008002e20        0x0 linker stubs

.v4_bx          0x0000000008002e20        0x0
 .v4_bx         0x0000000008002e20        0x0 linker stubs

.iplt           0x0000000008002e20        0x0
 .iplt          0x0000000008002e20        0x0 /home/vahid/ARM-Toolchain/gcc-arm-none-eabi-9-2019-q4-major/bin/../lib/gcc/arm-none-eabi/9.2.1/thumb/v7-m/nofp/crtbegin.o

.rodata         0x0000000008002e20       0x6c
                0x0000000008002e20                . = ALIGN (0x4)
 *(.rodata)
 *(.rodata*)
 .rodata.USBD_FS_ProductStrDescriptor.str1.4
                0x0000000008002e20       0x16 build/usbd_desc.o
 *fill*         0x0000000008002e36        0x2 
 .rodata.USBD_FS_ManufacturerStrDescriptor.str1.4
                0x0000000008002e38       0x13 build/usbd_desc.o
 *fill*         0x0000000008002e4b        0x1 
 .rodata.USBD_FS_ConfigStrDescriptor.str1.4
                0x0000000008002e4c        0xb build/usbd_desc.o
 *fill*         0x0000000008002e57        0x1 
 .rodata.USBD_FS_InterfaceStrDescriptor.str1.4
                0x0000000008002e58        0xe build/usbd_desc.o
 *fill*         0x0000000008002e66        0x2 
 .rodata.HAL_RCC_GetSysClockFreq.str1.4
                0x0000000008002e68       0x11 build/stm32f1xx_hal_rcc.o
 *fill*         0x0000000008002e79        0x3 
 .rodata.AHBPrescTable
                0x0000000008002e7c       0x10 build/system_stm32f1xx.o
                0x0000000008002e7c                AHBPrescTable
                0x0000000008002e8c                . = ALIGN (0x4)

.rel.dyn        0x0000000008002e8c        0x0
 .rel.iplt      0x0000000008002e8c        0x0 /home/vahid/ARM-Toolchain/gcc-arm-none-eabi-9-2019-q4-major/bin/../lib/gcc/arm-none-eabi/9.2.1/thumb/v7-m/nofp/crtbegin.o

.ARM.extab
 *(.ARM.extab* .gnu.linkonce.armextab.*)

.ARM            0x0000000008002e8c        0x0
                0x0000000008002e8c                __exidx_start = .
 *(.ARM.exidx*)
                0x0000000008002e8c                __exidx_end = .

.preinit_array  0x0000000008002e8c        0x0
                0x0000000008002e8c                PROVIDE (__preinit_array_start = .)
 *(.preinit_array*)
                0x0000000008002e8c                PROVIDE (__preinit_array_end = .)

.init_array     0x0000000008002e8c        0x4
                0x0000000008002e8c                PROVIDE (__init_array_start = .)
 *(SORT_BY_NAME(.init_array.*))
 *(.init_array*)
 .init_array    0x0000000008002e8c        0x4 /home/vahid/ARM-Toolchain/gcc-arm-none-eabi-9-2019-q4-major/bin/../lib/gcc/arm-none-eabi/9.2.1/thumb/v7-m/nofp/crtbegin.o
                0x0000000008002e90                PROVIDE (__init_array_end = .)

.fini_array     0x0000000008002e90        0x4
                [!provide]                        PROVIDE (__fini_array_start = .)
 *(SORT_BY_NAME(.fini_array.*))
 *(.fini_array*)
 .fini_array    0x0000000008002e90        0x4 /home/vahid/ARM-Toolchain/gcc-arm-none-eabi-9-2019-q4-major/bin/../lib/gcc/arm-none-eabi/9.2.1/thumb/v7-m/nofp/crtbegin.o
                [!provide]                        PROVIDE (__fini_array_end = .)
                0x0000000008002e94                _sidata = LOADADDR (.data)

.data           0x0000000020000000      0x144 load address 0x0000000008002e94
                0x0000000020000000                . = ALIGN (0x4)
                0x0000000020000000                _sdata = .
 *(.data)
 *(.data*)
 .data.FS_Desc  0x0000000020000000       0x1c build/usbd_desc.o
                0x0000000020000000                FS_Desc
 .data.USBD_FS_DeviceDesc
                0x000000002000001c       0x12 build/usbd_desc.o
                0x000000002000001c                USBD_FS_DeviceDesc
 *fill*         0x000000002000002e        0x2 
 .data.USBD_LangIDDesc
                0x0000000020000030        0x4 build/usbd_desc.o
                0x0000000020000030                USBD_LangIDDesc
 .data.USBD_StringSerial
                0x0000000020000034       0x1a build/usbd_desc.o
                0x0000000020000034                USBD_StringSerial
 .data.uwTickFreq
                0x000000002000004e        0x1 build/stm32f1xx_hal.o
                0x000000002000004e                uwTickFreq
 *fill*         0x000000002000004f        0x1 
 .data.uwTickPrio
                0x0000000020000050        0x4 build/stm32f1xx_hal.o
                0x0000000020000050                uwTickPrio
 .data.SystemCoreClock
                0x0000000020000054        0x4 build/system_stm32f1xx.o
                0x0000000020000054                SystemCoreClock
 .data.HID_MOUSE_ReportDesc
                0x0000000020000058       0x2d build/usbd_hid.o
 *fill*         0x0000000020000085        0x3 
 .data.USBD_HID
                0x0000000020000088       0x38 build/usbd_hid.o
                0x0000000020000088                USBD_HID
 .data.USBD_HID_CfgFSDesc
                0x00000000200000c0       0x22 build/usbd_hid.o
 *fill*         0x00000000200000e2        0x2 
 .data.USBD_HID_CfgHSDesc
                0x00000000200000e4       0x22 build/usbd_hid.o
 *fill*         0x0000000020000106        0x2 
 .data.USBD_HID_Desc
                0x0000000020000108        0x9 build/usbd_hid.o
 *fill*         0x0000000020000111        0x3 
 .data.USBD_HID_DeviceQualifierDesc
                0x0000000020000114        0xa build/usbd_hid.o
 *fill*         0x000000002000011e        0x2 
 .data.USBD_HID_OtherSpeedCfgDesc
                0x0000000020000120       0x22 build/usbd_hid.o
                0x0000000020000144                . = ALIGN (0x4)
 *fill*         0x0000000020000142        0x2 
                0x0000000020000144                _edata = .

.igot.plt       0x0000000020000144        0x0 load address 0x0000000008002fd8
 .igot.plt      0x0000000020000144        0x0 /home/vahid/ARM-Toolchain/gcc-arm-none-eabi-9-2019-q4-major/bin/../lib/gcc/arm-none-eabi/9.2.1/thumb/v7-m/nofp/crtbegin.o
                0x0000000020000144                . = ALIGN (0x4)

.bss            0x0000000020000144      0x770 load address 0x0000000008002fd8
                0x0000000020000144                _sbss = .
                0x0000000020000144                __bss_start__ = _sbss
 *(.bss)
 .bss           0x0000000020000144       0x1c /home/vahid/ARM-Toolchain/gcc-arm-none-eabi-9-2019-q4-major/bin/../lib/gcc/arm-none-eabi/9.2.1/thumb/v7-m/nofp/crtbegin.o
 *(.bss*)
 .bss.key_report
                0x0000000020000160        0x8 build/main.o
                0x0000000020000160                key_report
 .bss.mem.7717  0x0000000020000168       0x14 build/usbd_conf.o
 .bss.cfgidx.7680
                0x000000002000017c        0x1 build/usbd_ctlreq.o
 *(COMMON)
 *fill*         0x000000002000017d        0x3 
 COMMON         0x0000000020000180      0x2c4 build/usb_device.o
                0x0000000020000180                hUsbDeviceFS
 COMMON         0x0000000020000444      0x26c build/usbd_conf.o
                0x0000000020000444                hpcd_USB_FS
 COMMON         0x00000000200006b0      0x200 build/usbd_desc.o
                0x00000000200006b0                USBD_StrDesc
 COMMON         0x00000000200008b0        0x4 build/stm32f1xx_hal.o
                0x00000000200008b0                uwTick
                0x00000000200008b4                . = ALIGN (0x4)
                0x00000000200008b4                _ebss = .
                0x00000000200008b4                __bss_end__ = _ebss

._user_heap_stack
                0x00000000200008b4      0x604 load address 0x0000000008002fd8
                0x00000000200008b8                . = ALIGN (0x8)
 *fill*         0x00000000200008b4        0x4 
                [!provide]                        PROVIDE (end = .)
                [!provide]                        PROVIDE (_end = .)
                0x0000000020000ab8                . = (. + _Min_Heap_Size)
 *fill*         0x00000000200008b8      0x200 
                0x0000000020000eb8                . = (. + _Min_Stack_Size)
 *fill*         0x0000000020000ab8      0x400 
                0x0000000020000eb8                . = ALIGN (0x8)

/DISCARD/
 libc.a(*)
 libm.a(*)
 libgcc.a(*)

.ARM.attributes
                0x0000000000000000       0x29
 *(.ARM.attributes)
 .ARM.attributes
                0x0000000000000000       0x1d /home/vahid/ARM-Toolchain/gcc-arm-none-eabi-9-2019-q4-major/bin/../lib/gcc/arm-none-eabi/9.2.1/thumb/v7-m/nofp/crti.o
 .ARM.attributes
                0x000000000000001d       0x2d /home/vahid/ARM-Toolchain/gcc-arm-none-eabi-9-2019-q4-major/bin/../lib/gcc/arm-none-eabi/9.2.1/thumb/v7-m/nofp/crtbegin.o
 .ARM.attributes
                0x000000000000004a       0x2d build/main.o
 .ARM.attributes
                0x0000000000000077       0x2d build/usb_device.o
 .ARM.attributes
                0x00000000000000a4       0x2d build/usbd_conf.o
 .ARM.attributes
                0x00000000000000d1       0x2d build/usbd_desc.o
 .ARM.attributes
                0x00000000000000fe       0x2d build/stm32f1xx_it.o
 .ARM.attributes
                0x000000000000012b       0x2d build/stm32f1xx_hal_msp.o
 .ARM.attributes
                0x0000000000000158       0x2d build/stm32f1xx_hal_pcd.o
 .ARM.attributes
                0x0000000000000185       0x2d build/stm32f1xx_hal_pcd_ex.o
 .ARM.attributes
                0x00000000000001b2       0x2d build/stm32f1xx_ll_usb.o
 .ARM.attributes
                0x00000000000001df       0x2d build/stm32f1xx_hal.o
 .ARM.attributes
                0x000000000000020c       0x2d build/stm32f1xx_hal_rcc.o
 .ARM.attributes
                0x0000000000000239       0x2d build/stm32f1xx_hal_rcc_ex.o
 .ARM.attributes
                0x0000000000000266       0x2d build/stm32f1xx_hal_cortex.o
 .ARM.attributes
                0x0000000000000293       0x2d build/system_stm32f1xx.o
 .ARM.attributes
                0x00000000000002c0       0x2d build/usbd_core.o
 .ARM.attributes
                0x00000000000002ed       0x2d build/usbd_ctlreq.o
 .ARM.attributes
                0x000000000000031a       0x2d build/usbd_ioreq.o
 .ARM.attributes
                0x0000000000000347       0x2d build/usbd_hid.o
 .ARM.attributes
                0x0000000000000374       0x21 build/startup_stm32f103xb.o
 .ARM.attributes
                0x0000000000000395       0x2d /home/vahid/ARM-Toolchain/gcc-arm-none-eabi-9-2019-q4-major/bin/../lib/gcc/arm-none-eabi/9.2.1/../../../../arm-none-eabi/lib/thumb/v7-m/nofp/libc_nano.a(lib_a-init.o)
 .ARM.attributes
                0x00000000000003c2       0x1d /home/vahid/ARM-Toolchain/gcc-arm-none-eabi-9-2019-q4-major/bin/../lib/gcc/arm-none-eabi/9.2.1/thumb/v7-m/nofp/crtn.o
OUTPUT(build/stm32f103-usb-hidkeyboard.elf elf32-littlearm)

.debug_info     0x0000000000000000    0x12a9c
 .debug_info    0x0000000000000000     0x146f build/main.o
 .debug_info    0x000000000000146f     0x10a5 build/usb_device.o
 .debug_info    0x0000000000002514     0x2779 build/usbd_conf.o
 .debug_info    0x0000000000004c8d     0x108c build/usbd_desc.o
 .debug_info    0x0000000000005d19      0x7d3 build/stm32f1xx_it.o
 .debug_info    0x00000000000064ec      0x324 build/stm32f1xx_hal_msp.o
 .debug_info    0x0000000000006810     0x15ec build/stm32f1xx_hal_pcd.o
 .debug_info    0x0000000000007dfc      0x879 build/stm32f1xx_hal_pcd_ex.o
 .debug_info    0x0000000000008675     0x1a0d build/stm32f1xx_ll_usb.o
 .debug_info    0x000000000000a082      0x8c6 build/stm32f1xx_hal.o
 .debug_info    0x000000000000a948      0xb59 build/stm32f1xx_hal_rcc.o
 .debug_info    0x000000000000b4a1      0x533 build/stm32f1xx_hal_rcc_ex.o
 .debug_info    0x000000000000b9d4      0xee9 build/stm32f1xx_hal_cortex.o
 .debug_info    0x000000000000c8bd      0x4cf build/system_stm32f1xx.o
 .debug_info    0x000000000000cd8c     0x18ba build/usbd_core.o
 .debug_info    0x000000000000e646     0x1b90 build/usbd_ctlreq.o
 .debug_info    0x00000000000101d6     0x12de build/usbd_ioreq.o
 .debug_info    0x00000000000114b4     0x15c6 build/usbd_hid.o
 .debug_info    0x0000000000012a7a       0x22 build/startup_stm32f103xb.o

.debug_abbrev   0x0000000000000000     0x2d58
 .debug_abbrev  0x0000000000000000      0x2e0 build/main.o
 .debug_abbrev  0x00000000000002e0      0x21f build/usb_device.o
 .debug_abbrev  0x00000000000004ff      0x393 build/usbd_conf.o
 .debug_abbrev  0x0000000000000892      0x320 build/usbd_desc.o
 .debug_abbrev  0x0000000000000bb2      0x182 build/stm32f1xx_it.o
 .debug_abbrev  0x0000000000000d34      0x130 build/stm32f1xx_hal_msp.o
 .debug_abbrev  0x0000000000000e64      0x2fd build/stm32f1xx_hal_pcd.o
 .debug_abbrev  0x0000000000001161      0x1b1 build/stm32f1xx_hal_pcd_ex.o
 .debug_abbrev  0x0000000000001312      0x28f build/stm32f1xx_ll_usb.o
 .debug_abbrev  0x00000000000015a1      0x22f build/stm32f1xx_hal.o
 .debug_abbrev  0x00000000000017d0      0x2ad build/stm32f1xx_hal_rcc.o
 .debug_abbrev  0x0000000000001a7d      0x1fb build/stm32f1xx_hal_rcc_ex.o
 .debug_abbrev  0x0000000000001c78      0x37f build/stm32f1xx_hal_cortex.o
 .debug_abbrev  0x0000000000001ff7      0x153 build/system_stm32f1xx.o
 .debug_abbrev  0x000000000000214a      0x334 build/usbd_core.o
 .debug_abbrev  0x000000000000247e      0x387 build/usbd_ctlreq.o
 .debug_abbrev  0x0000000000002805      0x229 build/usbd_ioreq.o
 .debug_abbrev  0x0000000000002a2e      0x318 build/usbd_hid.o
 .debug_abbrev  0x0000000000002d46       0x12 build/startup_stm32f103xb.o

.debug_loc      0x0000000000000000     0x7b86
 .debug_loc     0x0000000000000000       0x91 build/main.o
 .debug_loc     0x0000000000000091       0x20 build/usb_device.o
 .debug_loc     0x00000000000000b1      0xead build/usbd_conf.o
 .debug_loc     0x0000000000000f5e      0x47b build/usbd_desc.o
 .debug_loc     0x00000000000013d9       0x40 build/stm32f1xx_it.o
 .debug_loc     0x0000000000001419       0x41 build/stm32f1xx_hal_msp.o
 .debug_loc     0x000000000000145a      0xef6 build/stm32f1xx_hal_pcd.o
 .debug_loc     0x0000000000002350      0x11a build/stm32f1xx_hal_pcd_ex.o
 .debug_loc     0x000000000000246a     0x14af build/stm32f1xx_ll_usb.o
 .debug_loc     0x0000000000003919      0x1bb build/stm32f1xx_hal.o
 .debug_loc     0x0000000000003ad4      0x7c0 build/stm32f1xx_hal_rcc.o
 .debug_loc     0x0000000000004294      0x40a build/stm32f1xx_hal_rcc_ex.o
 .debug_loc     0x000000000000469e      0x7af build/stm32f1xx_hal_cortex.o
 .debug_loc     0x0000000000004e4d       0xff build/system_stm32f1xx.o
 .debug_loc     0x0000000000004f4c      0xaf6 build/usbd_core.o
 .debug_loc     0x0000000000005a42     0x1631 build/usbd_ctlreq.o
 .debug_loc     0x0000000000007073      0x364 build/usbd_ioreq.o
 .debug_loc     0x00000000000073d7      0x7af build/usbd_hid.o

.debug_aranges  0x0000000000000000      0x930
 .debug_aranges
                0x0000000000000000       0x38 build/main.o
 .debug_aranges
                0x0000000000000038       0x20 build/usb_device.o
 .debug_aranges
                0x0000000000000058      0x118 build/usbd_conf.o
 .debug_aranges
                0x0000000000000170       0x60 build/usbd_desc.o
 .debug_aranges
                0x00000000000001d0       0x68 build/stm32f1xx_it.o
 .debug_aranges
                0x0000000000000238       0x20 build/stm32f1xx_hal_msp.o
 .debug_aranges
                0x0000000000000258      0x120 build/stm32f1xx_hal_pcd.o
 .debug_aranges
                0x0000000000000378       0x38 build/stm32f1xx_hal_pcd_ex.o
 .debug_aranges
                0x00000000000003b0      0x108 build/stm32f1xx_ll_usb.o
 .debug_aranges
                0x00000000000004b8       0xe0 build/stm32f1xx_hal.o
 .debug_aranges
                0x0000000000000598       0x90 build/stm32f1xx_hal_rcc.o
 .debug_aranges
                0x0000000000000628       0x30 build/stm32f1xx_hal_rcc_ex.o
 .debug_aranges
                0x0000000000000658       0x90 build/stm32f1xx_hal_cortex.o
 .debug_aranges
                0x00000000000006e8       0x28 build/system_stm32f1xx.o
 .debug_aranges
                0x0000000000000710       0xb8 build/usbd_core.o
 .debug_aranges
                0x00000000000007c8       0x88 build/usbd_ctlreq.o
 .debug_aranges
                0x0000000000000850       0x50 build/usbd_ioreq.o
 .debug_aranges
                0x00000000000008a0       0x68 build/usbd_hid.o
 .debug_aranges
                0x0000000000000908       0x28 build/startup_stm32f103xb.o

.debug_ranges   0x0000000000000000      0x9f0
 .debug_ranges  0x0000000000000000       0x28 build/main.o
 .debug_ranges  0x0000000000000028       0x10 build/usb_device.o
 .debug_ranges  0x0000000000000038      0x108 build/usbd_conf.o
 .debug_ranges  0x0000000000000140       0x50 build/usbd_desc.o
 .debug_ranges  0x0000000000000190       0x58 build/stm32f1xx_it.o
 .debug_ranges  0x00000000000001e8       0x10 build/stm32f1xx_hal_msp.o
 .debug_ranges  0x00000000000001f8      0x140 build/stm32f1xx_hal_pcd.o
 .debug_ranges  0x0000000000000338       0x28 build/stm32f1xx_hal_pcd_ex.o
 .debug_ranges  0x0000000000000360      0x218 build/stm32f1xx_ll_usb.o
 .debug_ranges  0x0000000000000578       0xd0 build/stm32f1xx_hal.o
 .debug_ranges  0x0000000000000648       0xa0 build/stm32f1xx_hal_rcc.o
 .debug_ranges  0x00000000000006e8       0x38 build/stm32f1xx_hal_rcc_ex.o
 .debug_ranges  0x0000000000000720       0xe0 build/stm32f1xx_hal_cortex.o
 .debug_ranges  0x0000000000000800       0x18 build/system_stm32f1xx.o
 .debug_ranges  0x0000000000000818       0xa8 build/usbd_core.o
 .debug_ranges  0x00000000000008c0       0x78 build/usbd_ctlreq.o
 .debug_ranges  0x0000000000000938       0x40 build/usbd_ioreq.o
 .debug_ranges  0x0000000000000978       0x58 build/usbd_hid.o
 .debug_ranges  0x00000000000009d0       0x20 build/startup_stm32f103xb.o

.debug_line     0x0000000000000000     0x8149
 .debug_line    0x0000000000000000      0x4b2 build/main.o
 .debug_line    0x00000000000004b2      0x375 build/usb_device.o
 .debug_line    0x0000000000000827      0x8e0 build/usbd_conf.o
 .debug_line    0x0000000000001107      0x4eb build/usbd_desc.o
 .debug_line    0x00000000000015f2      0x303 build/stm32f1xx_it.o
 .debug_line    0x00000000000018f5      0x1dc build/stm32f1xx_hal_msp.o
 .debug_line    0x0000000000001ad1      0xff4 build/stm32f1xx_hal_pcd.o
 .debug_line    0x0000000000002ac5      0x2d6 build/stm32f1xx_hal_pcd_ex.o
 .debug_line    0x0000000000002d9b     0x13eb build/stm32f1xx_ll_usb.o
 .debug_line    0x0000000000004186      0x520 build/stm32f1xx_hal.o
 .debug_line    0x00000000000046a6      0xc41 build/stm32f1xx_hal_rcc.o
 .debug_line    0x00000000000052e7      0x4ce build/stm32f1xx_hal_rcc_ex.o
 .debug_line    0x00000000000057b5      0x67a build/stm32f1xx_hal_cortex.o
 .debug_line    0x0000000000005e2f      0x2ca build/system_stm32f1xx.o
 .debug_line    0x00000000000060f9      0x8a6 build/usbd_core.o
 .debug_line    0x000000000000699f      0xc84 build/usbd_ctlreq.o
 .debug_line    0x0000000000007623      0x41d build/usbd_ioreq.o
 .debug_line    0x0000000000007a40      0x697 build/usbd_hid.o
 .debug_line    0x00000000000080d7       0x72 build/startup_stm32f103xb.o

.debug_str      0x0000000000000000     0x2ce4
 .debug_str     0x0000000000000000      0xbd1 build/main.o
                                        0xc9f (size before relaxing)
 .debug_str     0x0000000000000bd1       0x66 build/usb_device.o
                                        0xa75 (size before relaxing)
 .debug_str     0x0000000000000c37      0xb80 build/usbd_conf.o
                                       0x162c (size before relaxing)
 .debug_str     0x00000000000017b7      0x171 build/usbd_desc.o
                                        0x8f4 (size before relaxing)
 .debug_str     0x0000000000001928       0xdd build/stm32f1xx_it.o
                                        0x68b (size before relaxing)
 .debug_str     0x0000000000001a05       0x48 build/stm32f1xx_hal_msp.o
                                        0x2f4 (size before relaxing)
 .debug_str     0x0000000000001a4d      0x27c build/stm32f1xx_hal_pcd.o
                                        0xae1 (size before relaxing)
 .debug_str     0x0000000000001cc9      0x159 build/stm32f1xx_hal_pcd_ex.o
                                        0x777 (size before relaxing)
 .debug_str     0x0000000000001e22      0x19f build/stm32f1xx_ll_usb.o
                                        0x7e1 (size before relaxing)
 .debug_str     0x0000000000001fc1      0x268 build/stm32f1xx_hal.o
                                        0x867 (size before relaxing)
 .debug_str     0x0000000000002229      0x21d build/stm32f1xx_hal_rcc.o
                                        0x6bc (size before relaxing)
 .debug_str     0x0000000000002446       0x9c build/stm32f1xx_hal_rcc_ex.o
                                        0x49b (size before relaxing)
 .debug_str     0x00000000000024e2      0x315 build/stm32f1xx_hal_cortex.o
                                        0x989 (size before relaxing)
 .debug_str     0x00000000000027f7       0x4a build/system_stm32f1xx.o
                                        0x349 (size before relaxing)
 .debug_str     0x0000000000002841      0x13e build/usbd_core.o
                                        0xcdf (size before relaxing)
 .debug_str     0x000000000000297f       0xe2 build/usbd_ctlreq.o
                                        0xbf9 (size before relaxing)
 .debug_str     0x0000000000002a61       0x60 build/usbd_ioreq.o
                                        0xb26 (size before relaxing)
 .debug_str     0x0000000000002ac1      0x1ff build/usbd_hid.o
                                        0xcca (size before relaxing)
 .debug_str     0x0000000000002cc0       0x24 build/startup_stm32f103xb.o
                                         0x54 (size before relaxing)

.comment        0x0000000000000000       0x79
 .comment       0x0000000000000000       0x79 build/main.o
                                         0x7a (size before relaxing)
 .comment       0x0000000000000079       0x7a build/usb_device.o
 .comment       0x0000000000000079       0x7a build/usbd_conf.o
 .comment       0x0000000000000079       0x7a build/usbd_desc.o
 .comment       0x0000000000000079       0x7a build/stm32f1xx_it.o
 .comment       0x0000000000000079       0x7a build/stm32f1xx_hal_msp.o
 .comment       0x0000000000000079       0x7a build/stm32f1xx_hal_pcd.o
 .comment       0x0000000000000079       0x7a build/stm32f1xx_hal_pcd_ex.o
 .comment       0x0000000000000079       0x7a build/stm32f1xx_ll_usb.o
 .comment       0x0000000000000079       0x7a build/stm32f1xx_hal.o
 .comment       0x0000000000000079       0x7a build/stm32f1xx_hal_rcc.o
 .comment       0x0000000000000079       0x7a build/stm32f1xx_hal_rcc_ex.o
 .comment       0x0000000000000079       0x7a build/stm32f1xx_hal_cortex.o
 .comment       0x0000000000000079       0x7a build/system_stm32f1xx.o
 .comment       0x0000000000000079       0x7a build/usbd_core.o
 .comment       0x0000000000000079       0x7a build/usbd_ctlreq.o
 .comment       0x0000000000000079       0x7a build/usbd_ioreq.o
 .comment       0x0000000000000079       0x7a build/usbd_hid.o

.debug_frame    0x0000000000000000     0x16f8
 .debug_frame   0x0000000000000000       0x7c build/main.o
 .debug_frame   0x000000000000007c       0x2c build/usb_device.o
 .debug_frame   0x00000000000000a8      0x354 build/usbd_conf.o
 .debug_frame   0x00000000000003fc       0xfc build/usbd_desc.o
 .debug_frame   0x00000000000004f8       0xc8 build/stm32f1xx_it.o
 .debug_frame   0x00000000000005c0       0x28 build/stm32f1xx_hal_msp.o
 .debug_frame   0x00000000000005e8      0x350 build/stm32f1xx_hal_pcd.o
 .debug_frame   0x0000000000000938       0x50 build/stm32f1xx_hal_pcd_ex.o
 .debug_frame   0x0000000000000988      0x26c build/stm32f1xx_ll_usb.o
 .debug_frame   0x0000000000000bf4      0x1e0 build/stm32f1xx_hal.o
 .debug_frame   0x0000000000000dd4      0x1c0 build/stm32f1xx_hal_rcc.o
 .debug_frame   0x0000000000000f94       0x6c build/stm32f1xx_hal_rcc_ex.o
 .debug_frame   0x0000000000001000      0x13c build/stm32f1xx_hal_cortex.o
 .debug_frame   0x000000000000113c       0x30 build/system_stm32f1xx.o
 .debug_frame   0x000000000000116c      0x1f4 build/usbd_core.o
 .debug_frame   0x0000000000001360      0x1ac build/usbd_ctlreq.o
 .debug_frame   0x000000000000150c       0xd4 build/usbd_ioreq.o
 .debug_frame   0x00000000000015e0       0xec build/usbd_hid.o
 .debug_frame   0x00000000000016cc       0x2c /home/vahid/ARM-Toolchain/gcc-arm-none-eabi-9-2019-q4-major/bin/../lib/gcc/arm-none-eabi/9.2.1/../../../../arm-none-eabi/lib/thumb/v7-m/nofp/libc_nano.a(lib_a-init.o)

Cross Reference Table

Symbol                                            File
ADC1_2_IRQHandler                                 build/startup_stm32f103xb.o
AHBPrescTable                                     build/system_stm32f1xx.o
                                                  build/stm32f1xx_hal_rcc.o
APBPrescTable                                     build/system_stm32f1xx.o
                                                  build/stm32f1xx_hal_rcc.o
BusFault_Handler                                  build/stm32f1xx_it.o
CAN1_RX1_IRQHandler                               build/startup_stm32f103xb.o
CAN1_SCE_IRQHandler                               build/startup_stm32f103xb.o
DMA1_Channel1_IRQHandler                          build/startup_stm32f103xb.o
DMA1_Channel2_IRQHandler                          build/startup_stm32f103xb.o
DMA1_Channel3_IRQHandler                          build/startup_stm32f103xb.o
DMA1_Channel4_IRQHandler                          build/startup_stm32f103xb.o
DMA1_Channel5_IRQHandler                          build/startup_stm32f103xb.o
DMA1_Channel6_IRQHandler                          build/startup_stm32f103xb.o
DMA1_Channel7_IRQHandler                          build/startup_stm32f103xb.o
DebugMon_Handler                                  build/stm32f1xx_it.o
Default_Handler                                   build/startup_stm32f103xb.o
EXTI0_IRQHandler                                  build/startup_stm32f103xb.o
EXTI15_10_IRQHandler                              build/startup_stm32f103xb.o
EXTI1_IRQHandler                                  build/startup_stm32f103xb.o
EXTI2_IRQHandler                                  build/startup_stm32f103xb.o
EXTI3_IRQHandler                                  build/startup_stm32f103xb.o
EXTI4_IRQHandler                                  build/startup_stm32f103xb.o
EXTI9_5_IRQHandler                                build/startup_stm32f103xb.o
Error_Handler                                     build/main.o
                                                  build/usbd_conf.o
                                                  build/usb_device.o
FLASH_IRQHandler                                  build/startup_stm32f103xb.o
FLASH_PageErase                                   build/stm32f1xx_hal_flash_ex.o
                                                  build/stm32f1xx_hal_flash.o
FLASH_WaitForLastOperation                        build/stm32f1xx_hal_flash.o
                                                  build/stm32f1xx_hal_flash_ex.o
FS_Desc                                           build/usbd_desc.o
                                                  build/usb_device.o
HAL_DBGMCU_DisableDBGSleepMode                    build/stm32f1xx_hal.o
HAL_DBGMCU_DisableDBGStandbyMode                  build/stm32f1xx_hal.o
HAL_DBGMCU_DisableDBGStopMode                     build/stm32f1xx_hal.o
HAL_DBGMCU_EnableDBGSleepMode                     build/stm32f1xx_hal.o
HAL_DBGMCU_EnableDBGStandbyMode                   build/stm32f1xx_hal.o
HAL_DBGMCU_EnableDBGStopMode                      build/stm32f1xx_hal.o
HAL_DMA_Abort                                     build/stm32f1xx_hal_dma.o
HAL_DMA_Abort_IT                                  build/stm32f1xx_hal_dma.o
HAL_DMA_DeInit                                    build/stm32f1xx_hal_dma.o
HAL_DMA_GetError                                  build/stm32f1xx_hal_dma.o
HAL_DMA_GetState                                  build/stm32f1xx_hal_dma.o
HAL_DMA_IRQHandler                                build/stm32f1xx_hal_dma.o
HAL_DMA_Init                                      build/stm32f1xx_hal_dma.o
HAL_DMA_PollForTransfer                           build/stm32f1xx_hal_dma.o
HAL_DMA_RegisterCallback                          build/stm32f1xx_hal_dma.o
HAL_DMA_Start                                     build/stm32f1xx_hal_dma.o
HAL_DMA_Start_IT                                  build/stm32f1xx_hal_dma.o
HAL_DMA_UnRegisterCallback                        build/stm32f1xx_hal_dma.o
HAL_DeInit                                        build/stm32f1xx_hal.o
HAL_Delay                                         build/stm32f1xx_hal.o
                                                  build/usbd_conf.o
                                                  build/main.o
HAL_EXTI_ClearConfigLine                          build/stm32f1xx_hal_exti.o
HAL_EXTI_ClearPending                             build/stm32f1xx_hal_exti.o
HAL_EXTI_GenerateSWI                              build/stm32f1xx_hal_exti.o
HAL_EXTI_GetConfigLine                            build/stm32f1xx_hal_exti.o
HAL_EXTI_GetHandle                                build/stm32f1xx_hal_exti.o
HAL_EXTI_GetPending                               build/stm32f1xx_hal_exti.o
HAL_EXTI_IRQHandler                               build/stm32f1xx_hal_exti.o
HAL_EXTI_RegisterCallback                         build/stm32f1xx_hal_exti.o
HAL_EXTI_SetConfigLine                            build/stm32f1xx_hal_exti.o
HAL_FLASHEx_Erase                                 build/stm32f1xx_hal_flash_ex.o
HAL_FLASHEx_Erase_IT                              build/stm32f1xx_hal_flash_ex.o
HAL_FLASHEx_OBErase                               build/stm32f1xx_hal_flash_ex.o
HAL_FLASHEx_OBGetConfig                           build/stm32f1xx_hal_flash_ex.o
HAL_FLASHEx_OBGetUserData                         build/stm32f1xx_hal_flash_ex.o
HAL_FLASHEx_OBProgram                             build/stm32f1xx_hal_flash_ex.o
HAL_FLASH_EndOfOperationCallback                  build/stm32f1xx_hal_flash.o
HAL_FLASH_GetError                                build/stm32f1xx_hal_flash.o
HAL_FLASH_IRQHandler                              build/stm32f1xx_hal_flash.o
HAL_FLASH_Lock                                    build/stm32f1xx_hal_flash.o
HAL_FLASH_OB_Launch                               build/stm32f1xx_hal_flash.o
HAL_FLASH_OB_Lock                                 build/stm32f1xx_hal_flash.o
HAL_FLASH_OB_Unlock                               build/stm32f1xx_hal_flash.o
HAL_FLASH_OperationErrorCallback                  build/stm32f1xx_hal_flash.o
HAL_FLASH_Program                                 build/stm32f1xx_hal_flash.o
HAL_FLASH_Program_IT                              build/stm32f1xx_hal_flash.o
HAL_FLASH_Unlock                                  build/stm32f1xx_hal_flash.o
HAL_GPIOEx_ConfigEventout                         build/stm32f1xx_hal_gpio_ex.o
HAL_GPIOEx_DisableEventout                        build/stm32f1xx_hal_gpio_ex.o
HAL_GPIOEx_EnableEventout                         build/stm32f1xx_hal_gpio_ex.o
HAL_GPIO_DeInit                                   build/stm32f1xx_hal_gpio.o
HAL_GPIO_EXTI_Callback                            build/stm32f1xx_hal_gpio.o
HAL_GPIO_EXTI_IRQHandler                          build/stm32f1xx_hal_gpio.o
HAL_GPIO_Init                                     build/stm32f1xx_hal_gpio.o
                                                  build/stm32f1xx_hal_rcc.o
HAL_GPIO_LockPin                                  build/stm32f1xx_hal_gpio.o
HAL_GPIO_ReadPin                                  build/stm32f1xx_hal_gpio.o
HAL_GPIO_TogglePin                                build/stm32f1xx_hal_gpio.o
HAL_GPIO_WritePin                                 build/stm32f1xx_hal_gpio.o
HAL_GetDEVID                                      build/stm32f1xx_hal.o
HAL_GetHalVersion                                 build/stm32f1xx_hal.o
HAL_GetREVID                                      build/stm32f1xx_hal.o
HAL_GetTick                                       build/stm32f1xx_hal.o
                                                  build/stm32f1xx_hal_flash.o
                                                  build/stm32f1xx_hal_dma.o
                                                  build/stm32f1xx_hal_rcc_ex.o
                                                  build/stm32f1xx_hal_rcc.o
HAL_GetTickFreq                                   build/stm32f1xx_hal.o
HAL_GetTickPrio                                   build/stm32f1xx_hal.o
HAL_GetUIDw0                                      build/stm32f1xx_hal.o
HAL_GetUIDw1                                      build/stm32f1xx_hal.o
HAL_GetUIDw2                                      build/stm32f1xx_hal.o
HAL_IncTick                                       build/stm32f1xx_hal.o
                                                  build/stm32f1xx_it.o
HAL_Init                                          build/stm32f1xx_hal.o
                                                  build/main.o
HAL_InitTick                                      build/stm32f1xx_hal.o
                                                  build/stm32f1xx_hal_rcc.o
HAL_MspDeInit                                     build/stm32f1xx_hal.o
HAL_MspInit                                       build/stm32f1xx_hal_msp.o
HAL_NVIC_ClearPendingIRQ                          build/stm32f1xx_hal_cortex.o
HAL_NVIC_DisableIRQ                               build/stm32f1xx_hal_cortex.o
                                                  build/usbd_conf.o
HAL_NVIC_EnableIRQ                                build/stm32f1xx_hal_cortex.o
                                                  build/usbd_conf.o
HAL_NVIC_GetActive                                build/stm32f1xx_hal_cortex.o
HAL_NVIC_GetPendingIRQ                            build/stm32f1xx_hal_cortex.o
HAL_NVIC_GetPriority                              build/stm32f1xx_hal_cortex.o
HAL_NVIC_GetPriorityGrouping                      build/stm32f1xx_hal_cortex.o
HAL_NVIC_SetPendingIRQ                            build/stm32f1xx_hal_cortex.o
HAL_NVIC_SetPriority                              build/stm32f1xx_hal_cortex.o
                                                  build/stm32f1xx_hal.o
                                                  build/usbd_conf.o
HAL_NVIC_SetPriorityGrouping                      build/stm32f1xx_hal_cortex.o
                                                  build/stm32f1xx_hal.o
HAL_NVIC_SystemReset                              build/stm32f1xx_hal_cortex.o
                                                  build/stm32f1xx_hal_flash.o
HAL_PCDEx_BCD_Callback                            build/stm32f1xx_hal_pcd_ex.o
HAL_PCDEx_LPM_Callback                            build/stm32f1xx_hal_pcd_ex.o
HAL_PCDEx_PMAConfig                               build/stm32f1xx_hal_pcd_ex.o
                                                  build/usbd_conf.o
HAL_PCDEx_SetConnectionState                      build/usbd_conf.o
                                                  build/stm32f1xx_hal_pcd.o
HAL_PCD_ActivateRemoteWakeup                      build/stm32f1xx_hal_pcd.o
HAL_PCD_ConnectCallback                           build/usbd_conf.o
HAL_PCD_DataInStageCallback                       build/usbd_conf.o
HAL_PCD_DataOutStageCallback                      build/usbd_conf.o
HAL_PCD_DeActivateRemoteWakeup                    build/stm32f1xx_hal_pcd.o
HAL_PCD_DeInit                                    build/stm32f1xx_hal_pcd.o
                                                  build/usbd_conf.o
HAL_PCD_DevConnect                                build/stm32f1xx_hal_pcd.o
HAL_PCD_DevDisconnect                             build/stm32f1xx_hal_pcd.o
HAL_PCD_DisconnectCallback                        build/usbd_conf.o
HAL_PCD_EP_Close                                  build/stm32f1xx_hal_pcd.o
                                                  build/usbd_conf.o
HAL_PCD_EP_ClrStall                               build/stm32f1xx_hal_pcd.o
                                                  build/usbd_conf.o
HAL_PCD_EP_Flush                                  build/stm32f1xx_hal_pcd.o
                                                  build/usbd_conf.o
HAL_PCD_EP_GetRxCount                             build/stm32f1xx_hal_pcd.o
                                                  build/usbd_conf.o
HAL_PCD_EP_Open                                   build/stm32f1xx_hal_pcd.o
                                                  build/usbd_conf.o
HAL_PCD_EP_Receive                                build/stm32f1xx_hal_pcd.o
                                                  build/usbd_conf.o
HAL_PCD_EP_SetStall                               build/stm32f1xx_hal_pcd.o
                                                  build/usbd_conf.o
HAL_PCD_EP_Transmit                               build/stm32f1xx_hal_pcd.o
                                                  build/usbd_conf.o
HAL_PCD_GetState                                  build/stm32f1xx_hal_pcd.o
HAL_PCD_IRQHandler                                build/stm32f1xx_hal_pcd.o
                                                  build/stm32f1xx_it.o
HAL_PCD_ISOINIncompleteCallback                   build/usbd_conf.o
HAL_PCD_ISOOUTIncompleteCallback                  build/usbd_conf.o
HAL_PCD_Init                                      build/stm32f1xx_hal_pcd.o
                                                  build/usbd_conf.o
HAL_PCD_MspDeInit                                 build/usbd_conf.o
HAL_PCD_MspInit                                   build/usbd_conf.o
HAL_PCD_ResetCallback                             build/usbd_conf.o
HAL_PCD_ResumeCallback                            build/usbd_conf.o
HAL_PCD_SOFCallback                               build/usbd_conf.o
HAL_PCD_SetAddress                                build/stm32f1xx_hal_pcd.o
                                                  build/usbd_conf.o
HAL_PCD_SetupStageCallback                        build/usbd_conf.o
HAL_PCD_Start                                     build/stm32f1xx_hal_pcd.o
                                                  build/usbd_conf.o
HAL_PCD_Stop                                      build/stm32f1xx_hal_pcd.o
                                                  build/usbd_conf.o
HAL_PCD_SuspendCallback                           build/usbd_conf.o
HAL_PWR_ConfigPVD                                 build/stm32f1xx_hal_pwr.o
HAL_PWR_DeInit                                    build/stm32f1xx_hal_pwr.o
HAL_PWR_DisableBkUpAccess                         build/stm32f1xx_hal_pwr.o
HAL_PWR_DisablePVD                                build/stm32f1xx_hal_pwr.o
HAL_PWR_DisableSEVOnPend                          build/stm32f1xx_hal_pwr.o
HAL_PWR_DisableSleepOnExit                        build/stm32f1xx_hal_pwr.o
HAL_PWR_DisableWakeUpPin                          build/stm32f1xx_hal_pwr.o
HAL_PWR_EnableBkUpAccess                          build/stm32f1xx_hal_pwr.o
HAL_PWR_EnablePVD                                 build/stm32f1xx_hal_pwr.o
HAL_PWR_EnableSEVOnPend                           build/stm32f1xx_hal_pwr.o
HAL_PWR_EnableSleepOnExit                         build/stm32f1xx_hal_pwr.o
HAL_PWR_EnableWakeUpPin                           build/stm32f1xx_hal_pwr.o
HAL_PWR_EnterSLEEPMode                            build/stm32f1xx_hal_pwr.o
HAL_PWR_EnterSTANDBYMode                          build/stm32f1xx_hal_pwr.o
HAL_PWR_EnterSTOPMode                             build/stm32f1xx_hal_pwr.o
HAL_PWR_PVDCallback                               build/stm32f1xx_hal_pwr.o
HAL_PWR_PVD_IRQHandler                            build/stm32f1xx_hal_pwr.o
HAL_RCCEx_GetPeriphCLKConfig                      build/stm32f1xx_hal_rcc_ex.o
HAL_RCCEx_GetPeriphCLKFreq                        build/stm32f1xx_hal_rcc_ex.o
HAL_RCCEx_PeriphCLKConfig                         build/stm32f1xx_hal_rcc_ex.o
                                                  build/main.o
HAL_RCC_CSSCallback                               build/stm32f1xx_hal_rcc.o
HAL_RCC_ClockConfig                               build/stm32f1xx_hal_rcc.o
                                                  build/main.o
HAL_RCC_DeInit                                    build/stm32f1xx_hal_rcc.o
HAL_RCC_DisableCSS                                build/stm32f1xx_hal_rcc.o
HAL_RCC_EnableCSS                                 build/stm32f1xx_hal_rcc.o
HAL_RCC_GetClockConfig                            build/stm32f1xx_hal_rcc.o
HAL_RCC_GetHCLKFreq                               build/stm32f1xx_hal_rcc.o
HAL_RCC_GetOscConfig                              build/stm32f1xx_hal_rcc.o
HAL_RCC_GetPCLK1Freq                              build/stm32f1xx_hal_rcc.o
HAL_RCC_GetPCLK2Freq                              build/stm32f1xx_hal_rcc.o
                                                  build/stm32f1xx_hal_rcc_ex.o
HAL_RCC_GetSysClockFreq                           build/stm32f1xx_hal_rcc.o
HAL_RCC_MCOConfig                                 build/stm32f1xx_hal_rcc.o
HAL_RCC_NMI_IRQHandler                            build/stm32f1xx_hal_rcc.o
HAL_RCC_OscConfig                                 build/stm32f1xx_hal_rcc.o
                                                  build/main.o
HAL_ResumeTick                                    build/stm32f1xx_hal.o
HAL_SYSTICK_CLKSourceConfig                       build/stm32f1xx_hal_cortex.o
HAL_SYSTICK_Callback                              build/stm32f1xx_hal_cortex.o
HAL_SYSTICK_Config                                build/stm32f1xx_hal_cortex.o
                                                  build/stm32f1xx_hal.o
HAL_SYSTICK_IRQHandler                            build/stm32f1xx_hal_cortex.o
HAL_SetTickFreq                                   build/stm32f1xx_hal.o
HAL_SuspendTick                                   build/stm32f1xx_hal.o
HardFault_Handler                                 build/stm32f1xx_it.o
I2C1_ER_IRQHandler                                build/startup_stm32f103xb.o
I2C1_EV_IRQHandler                                build/startup_stm32f103xb.o
I2C2_ER_IRQHandler                                build/startup_stm32f103xb.o
I2C2_EV_IRQHandler                                build/startup_stm32f103xb.o
MX_USB_DEVICE_Init                                build/usb_device.o
                                                  build/main.o
MemManage_Handler                                 build/stm32f1xx_it.o
NMI_Handler                                       build/stm32f1xx_it.o
PVD_IRQHandler                                    build/startup_stm32f103xb.o
PendSV_Handler                                    build/stm32f1xx_it.o
RCC_IRQHandler                                    build/startup_stm32f103xb.o
RTC_Alarm_IRQHandler                              build/startup_stm32f103xb.o
RTC_IRQHandler                                    build/startup_stm32f103xb.o
Reset_Handler                                     build/startup_stm32f103xb.o
SPI1_IRQHandler                                   build/startup_stm32f103xb.o
SPI2_IRQHandler                                   build/startup_stm32f103xb.o
SVC_Handler                                       build/stm32f1xx_it.o
SysTick_Handler                                   build/stm32f1xx_it.o
SystemClock_Config                                build/main.o
SystemCoreClock                                   build/system_stm32f1xx.o
                                                  build/stm32f1xx_hal_rcc.o
                                                  build/stm32f1xx_hal.o
SystemCoreClockUpdate                             build/system_stm32f1xx.o
SystemInit                                        build/system_stm32f1xx.o
                                                  build/startup_stm32f103xb.o
TAMPER_IRQHandler                                 build/startup_stm32f103xb.o
TIM1_BRK_IRQHandler                               build/startup_stm32f103xb.o
TIM1_CC_IRQHandler                                build/startup_stm32f103xb.o
TIM1_TRG_COM_IRQHandler                           build/startup_stm32f103xb.o
TIM1_UP_IRQHandler                                build/startup_stm32f103xb.o
TIM2_IRQHandler                                   build/startup_stm32f103xb.o
TIM3_IRQHandler                                   build/startup_stm32f103xb.o
TIM4_IRQHandler                                   build/startup_stm32f103xb.o
USART1_IRQHandler                                 build/startup_stm32f103xb.o
USART2_IRQHandler                                 build/startup_stm32f103xb.o
USART3_IRQHandler                                 build/startup_stm32f103xb.o
USBD_ClrClassConfig                               build/usbd_core.o
                                                  build/usbd_ctlreq.o
USBD_CtlContinueRx                                build/usbd_ioreq.o
                                                  build/usbd_core.o
USBD_CtlContinueSendData                          build/usbd_ioreq.o
                                                  build/usbd_core.o
USBD_CtlError                                     build/usbd_ctlreq.o
                                                  build/usbd_hid.o
USBD_CtlPrepareRx                                 build/usbd_ioreq.o
USBD_CtlReceiveStatus                             build/usbd_ioreq.o
                                                  build/usbd_core.o
USBD_CtlSendData                                  build/usbd_ioreq.o
                                                  build/usbd_hid.o
                                                  build/usbd_ctlreq.o
USBD_CtlSendStatus                                build/usbd_ioreq.o
                                                  build/usbd_ctlreq.o
                                                  build/usbd_core.o
USBD_DeInit                                       build/usbd_core.o
USBD_FS_ConfigStrDescriptor                       build/usbd_desc.o
USBD_FS_DeviceDesc                                build/usbd_desc.o
USBD_FS_DeviceDescriptor                          build/usbd_desc.o
USBD_FS_InterfaceStrDescriptor                    build/usbd_desc.o
USBD_FS_LangIDStrDescriptor                       build/usbd_desc.o
USBD_FS_ManufacturerStrDescriptor                 build/usbd_desc.o
USBD_FS_ProductStrDescriptor                      build/usbd_desc.o
USBD_FS_SerialStrDescriptor                       build/usbd_desc.o
USBD_GetRxCount                                   build/usbd_ioreq.o
USBD_GetString                                    build/usbd_ctlreq.o
                                                  build/usbd_desc.o
USBD_HID                                          build/usbd_hid.o
                                                  build/usb_device.o
USBD_HID_GetPollingInterval                       build/usbd_hid.o
USBD_HID_SendReport                               build/usbd_hid.o
                                                  build/main.o
USBD_Init                                         build/usbd_core.o
                                                  build/usb_device.o
USBD_LL_ClearStallEP                              build/usbd_conf.o
                                                  build/usbd_ctlreq.o
USBD_LL_CloseEP                                   build/usbd_conf.o
                                                  build/usbd_hid.o
USBD_LL_DataInStage                               build/usbd_core.o
                                                  build/usbd_conf.o
USBD_LL_DataOutStage                              build/usbd_core.o
                                                  build/usbd_conf.o
USBD_LL_DeInit                                    build/usbd_conf.o
                                                  build/usbd_core.o
USBD_LL_Delay                                     build/usbd_conf.o
USBD_LL_DevConnected                              build/usbd_core.o
                                                  build/usbd_conf.o
USBD_LL_DevDisconnected                           build/usbd_core.o
                                                  build/usbd_conf.o
USBD_LL_FlushEP                                   build/usbd_conf.o
USBD_LL_GetRxDataSize                             build/usbd_conf.o
                                                  build/usbd_ioreq.o
USBD_LL_Init                                      build/usbd_conf.o
                                                  build/usbd_core.o
USBD_LL_IsStallEP                                 build/usbd_conf.o
                                                  build/usbd_ctlreq.o
USBD_LL_IsoINIncomplete                           build/usbd_core.o
                                                  build/usbd_conf.o
USBD_LL_IsoOUTIncomplete                          build/usbd_core.o
                                                  build/usbd_conf.o
USBD_LL_OpenEP                                    build/usbd_conf.o
                                                  build/usbd_hid.o
                                                  build/usbd_core.o
USBD_LL_PrepareReceive                            build/usbd_conf.o
                                                  build/usbd_ioreq.o
                                                  build/usbd_core.o
USBD_LL_Reset                                     build/usbd_core.o
                                                  build/usbd_conf.o
USBD_LL_Resume                                    build/usbd_core.o
                                                  build/usbd_conf.o
USBD_LL_SOF                                       build/usbd_core.o
                                                  build/usbd_conf.o
USBD_LL_SetSpeed                                  build/usbd_core.o
                                                  build/usbd_conf.o
USBD_LL_SetUSBAddress                             build/usbd_conf.o
                                                  build/usbd_ctlreq.o
USBD_LL_SetupStage                                build/usbd_core.o
                                                  build/usbd_conf.o
USBD_LL_StallEP                                   build/usbd_conf.o
                                                  build/usbd_ctlreq.o
                                                  build/usbd_core.o
USBD_LL_Start                                     build/usbd_conf.o
                                                  build/usbd_core.o
USBD_LL_Stop                                      build/usbd_conf.o
                                                  build/usbd_core.o
USBD_LL_Suspend                                   build/usbd_core.o
                                                  build/usbd_conf.o
USBD_LL_Transmit                                  build/usbd_conf.o
                                                  build/usbd_hid.o
                                                  build/usbd_ioreq.o
USBD_LangIDDesc                                   build/usbd_desc.o
USBD_ParseSetupRequest                            build/usbd_ctlreq.o
                                                  build/usbd_core.o
USBD_RegisterClass                                build/usbd_core.o
                                                  build/usb_device.o
USBD_RunTestMode                                  build/usbd_core.o
USBD_SetClassConfig                               build/usbd_core.o
                                                  build/usbd_ctlreq.o
USBD_Start                                        build/usbd_core.o
                                                  build/usb_device.o
USBD_StdDevReq                                    build/usbd_ctlreq.o
                                                  build/usbd_core.o
USBD_StdEPReq                                     build/usbd_ctlreq.o
                                                  build/usbd_core.o
USBD_StdItfReq                                    build/usbd_ctlreq.o
                                                  build/usbd_core.o
USBD_Stop                                         build/usbd_core.o
USBD_StrDesc                                      build/usbd_desc.o
USBD_StringSerial                                 build/usbd_desc.o
USBD_static_free                                  build/usbd_conf.o
                                                  build/usbd_hid.o
USBD_static_malloc                                build/usbd_conf.o
                                                  build/usbd_hid.o
USBWakeUp_IRQHandler                              build/startup_stm32f103xb.o
USB_ActivateEndpoint                              build/stm32f1xx_ll_usb.o
                                                  build/stm32f1xx_hal_pcd.o
USB_ActivateRemoteWakeup                          build/stm32f1xx_ll_usb.o
                                                  build/stm32f1xx_hal_pcd.o
USB_ClearInterrupts                               build/stm32f1xx_ll_usb.o
USB_CoreInit                                      build/stm32f1xx_ll_usb.o
                                                  build/stm32f1xx_hal_pcd.o
USB_DeActivateRemoteWakeup                        build/stm32f1xx_ll_usb.o
                                                  build/stm32f1xx_hal_pcd.o
USB_DeactivateEndpoint                            build/stm32f1xx_ll_usb.o
                                                  build/stm32f1xx_hal_pcd.o
USB_DevConnect                                    build/stm32f1xx_ll_usb.o
                                                  build/stm32f1xx_hal_pcd.o
USB_DevDisconnect                                 build/stm32f1xx_ll_usb.o
                                                  build/stm32f1xx_hal_pcd.o
USB_DevInit                                       build/stm32f1xx_ll_usb.o
                                                  build/stm32f1xx_hal_pcd.o
USB_DisableGlobalInt                              build/stm32f1xx_ll_usb.o
                                                  build/stm32f1xx_hal_pcd.o
USB_EP0_OutStart                                  build/stm32f1xx_ll_usb.o
                                                  build/stm32f1xx_hal_pcd.o
USB_EPClearStall                                  build/stm32f1xx_ll_usb.o
                                                  build/stm32f1xx_hal_pcd.o
USB_EPSetStall                                    build/stm32f1xx_ll_usb.o
                                                  build/stm32f1xx_hal_pcd.o
USB_EPStartXfer                                   build/stm32f1xx_ll_usb.o
                                                  build/stm32f1xx_hal_pcd.o
USB_EnableGlobalInt                               build/stm32f1xx_ll_usb.o
                                                  build/stm32f1xx_hal_pcd.o
USB_FlushRxFifo                                   build/stm32f1xx_ll_usb.o
                                                  build/stm32f1xx_hal_pcd.o
USB_FlushTxFifo                                   build/stm32f1xx_ll_usb.o
                                                  build/stm32f1xx_hal_pcd.o
USB_HP_CAN1_TX_IRQHandler                         build/startup_stm32f103xb.o
USB_LP_CAN1_RX0_IRQHandler                        build/stm32f1xx_it.o
USB_ReadDevAllInEpInterrupt                       build/stm32f1xx_ll_usb.o
USB_ReadDevAllOutEpInterrupt                      build/stm32f1xx_ll_usb.o
USB_ReadDevInEPInterrupt                          build/stm32f1xx_ll_usb.o
USB_ReadDevOutEPInterrupt                         build/stm32f1xx_ll_usb.o
USB_ReadInterrupts                                build/stm32f1xx_ll_usb.o
                                                  build/stm32f1xx_hal_pcd.o
USB_ReadPMA                                       build/stm32f1xx_ll_usb.o
                                                  build/stm32f1xx_hal_pcd.o
USB_ReadPacket                                    build/stm32f1xx_ll_usb.o
USB_SetCurrentMode                                build/stm32f1xx_ll_usb.o
                                                  build/stm32f1xx_hal_pcd.o
USB_SetDevAddress                                 build/stm32f1xx_ll_usb.o
                                                  build/stm32f1xx_hal_pcd.o
USB_SetDevSpeed                                   build/stm32f1xx_ll_usb.o
USB_StopDevice                                    build/stm32f1xx_ll_usb.o
                                                  build/stm32f1xx_hal_pcd.o
USB_WritePMA                                      build/stm32f1xx_ll_usb.o
USB_WritePacket                                   build/stm32f1xx_ll_usb.o
UsageFault_Handler                                build/stm32f1xx_it.o
WWDG_IRQHandler                                   build/startup_stm32f103xb.o
__bss_end__                                       /home/vahid/ARM-Toolchain/gcc-arm-none-eabi-9-2019-q4-major/bin/../lib/gcc/arm-none-eabi/9.2.1/../../../../arm-none-eabi/lib/thumb/v7-m/nofp/crt0.o
__bss_start__                                     /home/vahid/ARM-Toolchain/gcc-arm-none-eabi-9-2019-q4-major/bin/../lib/gcc/arm-none-eabi/9.2.1/../../../../arm-none-eabi/lib/thumb/v7-m/nofp/crt0.o
__call_exitprocs                                  /home/vahid/ARM-Toolchain/gcc-arm-none-eabi-9-2019-q4-major/bin/../lib/gcc/arm-none-eabi/9.2.1/../../../../arm-none-eabi/lib/thumb/v7-m/nofp/libc_nano.a(lib_a-exit.o)
__deregister_frame_info                           /home/vahid/ARM-Toolchain/gcc-arm-none-eabi-9-2019-q4-major/bin/../lib/gcc/arm-none-eabi/9.2.1/thumb/v7-m/nofp/crtbegin.o
__dso_handle                                      /home/vahid/ARM-Toolchain/gcc-arm-none-eabi-9-2019-q4-major/bin/../lib/gcc/arm-none-eabi/9.2.1/thumb/v7-m/nofp/crtbegin.o
__init_array_end                                  /home/vahid/ARM-Toolchain/gcc-arm-none-eabi-9-2019-q4-major/bin/../lib/gcc/arm-none-eabi/9.2.1/../../../../arm-none-eabi/lib/thumb/v7-m/nofp/libc_nano.a(lib_a-init.o)
__init_array_start                                /home/vahid/ARM-Toolchain/gcc-arm-none-eabi-9-2019-q4-major/bin/../lib/gcc/arm-none-eabi/9.2.1/../../../../arm-none-eabi/lib/thumb/v7-m/nofp/libc_nano.a(lib_a-init.o)
__libc_fini_array                                 /home/vahid/ARM-Toolchain/gcc-arm-none-eabi-9-2019-q4-major/bin/../lib/gcc/arm-none-eabi/9.2.1/../../../../arm-none-eabi/lib/thumb/v7-m/nofp/crt0.o
__libc_init_array                                 /home/vahid/ARM-Toolchain/gcc-arm-none-eabi-9-2019-q4-major/bin/../lib/gcc/arm-none-eabi/9.2.1/../../../../arm-none-eabi/lib/thumb/v7-m/nofp/libc_nano.a(lib_a-init.o)
                                                  build/startup_stm32f103xb.o
                                                  /home/vahid/ARM-Toolchain/gcc-arm-none-eabi-9-2019-q4-major/bin/../lib/gcc/arm-none-eabi/9.2.1/../../../../arm-none-eabi/lib/thumb/v7-m/nofp/crt0.o
__preinit_array_end                               /home/vahid/ARM-Toolchain/gcc-arm-none-eabi-9-2019-q4-major/bin/../lib/gcc/arm-none-eabi/9.2.1/../../../../arm-none-eabi/lib/thumb/v7-m/nofp/libc_nano.a(lib_a-init.o)
__preinit_array_start                             /home/vahid/ARM-Toolchain/gcc-arm-none-eabi-9-2019-q4-major/bin/../lib/gcc/arm-none-eabi/9.2.1/../../../../arm-none-eabi/lib/thumb/v7-m/nofp/libc_nano.a(lib_a-init.o)
__register_frame_info                             /home/vahid/ARM-Toolchain/gcc-arm-none-eabi-9-2019-q4-major/bin/../lib/gcc/arm-none-eabi/9.2.1/thumb/v7-m/nofp/crtbegin.o
__sf_fake_stderr                                  /home/vahid/ARM-Toolchain/gcc-arm-none-eabi-9-2019-q4-major/bin/../lib/gcc/arm-none-eabi/9.2.1/../../../../arm-none-eabi/lib/thumb/v7-m/nofp/libc_nano.a(lib_a-impure.o)
__sf_fake_stdin                                   /home/vahid/ARM-Toolchain/gcc-arm-none-eabi-9-2019-q4-major/bin/../lib/gcc/arm-none-eabi/9.2.1/../../../../arm-none-eabi/lib/thumb/v7-m/nofp/libc_nano.a(lib_a-impure.o)
__sf_fake_stdout                                  /home/vahid/ARM-Toolchain/gcc-arm-none-eabi-9-2019-q4-major/bin/../lib/gcc/arm-none-eabi/9.2.1/../../../../arm-none-eabi/lib/thumb/v7-m/nofp/libc_nano.a(lib_a-impure.o)
__stack                                           /home/vahid/ARM-Toolchain/gcc-arm-none-eabi-9-2019-q4-major/bin/../lib/gcc/arm-none-eabi/9.2.1/../../../../arm-none-eabi/lib/thumb/v7-m/nofp/crt0.o
_ebss                                             build/startup_stm32f103xb.o
_edata                                            build/startup_stm32f103xb.o
_estack                                           build/startup_stm32f103xb.o
_exit                                             /home/vahid/ARM-Toolchain/gcc-arm-none-eabi-9-2019-q4-major/bin/../lib/gcc/arm-none-eabi/9.2.1/../../../../arm-none-eabi/lib/thumb/v7-m/nofp/libnosys.a(_exit.o)
                                                  /home/vahid/ARM-Toolchain/gcc-arm-none-eabi-9-2019-q4-major/bin/../lib/gcc/arm-none-eabi/9.2.1/../../../../arm-none-eabi/lib/thumb/v7-m/nofp/libc_nano.a(lib_a-exit.o)
_fini                                             /home/vahid/ARM-Toolchain/gcc-arm-none-eabi-9-2019-q4-major/bin/../lib/gcc/arm-none-eabi/9.2.1/thumb/v7-m/nofp/crti.o
_global_impure_ptr                                /home/vahid/ARM-Toolchain/gcc-arm-none-eabi-9-2019-q4-major/bin/../lib/gcc/arm-none-eabi/9.2.1/../../../../arm-none-eabi/lib/thumb/v7-m/nofp/libc_nano.a(lib_a-impure.o)
                                                  /home/vahid/ARM-Toolchain/gcc-arm-none-eabi-9-2019-q4-major/bin/../lib/gcc/arm-none-eabi/9.2.1/../../../../arm-none-eabi/lib/thumb/v7-m/nofp/libc_nano.a(lib_a-exit.o)
_impure_ptr                                       /home/vahid/ARM-Toolchain/gcc-arm-none-eabi-9-2019-q4-major/bin/../lib/gcc/arm-none-eabi/9.2.1/../../../../arm-none-eabi/lib/thumb/v7-m/nofp/libc_nano.a(lib_a-impure.o)
_init                                             /home/vahid/ARM-Toolchain/gcc-arm-none-eabi-9-2019-q4-major/bin/../lib/gcc/arm-none-eabi/9.2.1/thumb/v7-m/nofp/crti.o
                                                  /home/vahid/ARM-Toolchain/gcc-arm-none-eabi-9-2019-q4-major/bin/../lib/gcc/arm-none-eabi/9.2.1/../../../../arm-none-eabi/lib/thumb/v7-m/nofp/libc_nano.a(lib_a-init.o)
_mainCRTStartup                                   /home/vahid/ARM-Toolchain/gcc-arm-none-eabi-9-2019-q4-major/bin/../lib/gcc/arm-none-eabi/9.2.1/../../../../arm-none-eabi/lib/thumb/v7-m/nofp/crt0.o
_sbss                                             build/startup_stm32f103xb.o
_sdata                                            build/startup_stm32f103xb.o
_sidata                                           build/startup_stm32f103xb.o
_start                                            /home/vahid/ARM-Toolchain/gcc-arm-none-eabi-9-2019-q4-major/bin/../lib/gcc/arm-none-eabi/9.2.1/../../../../arm-none-eabi/lib/thumb/v7-m/nofp/crt0.o
atexit                                            /home/vahid/ARM-Toolchain/gcc-arm-none-eabi-9-2019-q4-major/bin/../lib/gcc/arm-none-eabi/9.2.1/../../../../arm-none-eabi/lib/thumb/v7-m/nofp/crt0.o
exit                                              /home/vahid/ARM-Toolchain/gcc-arm-none-eabi-9-2019-q4-major/bin/../lib/gcc/arm-none-eabi/9.2.1/../../../../arm-none-eabi/lib/thumb/v7-m/nofp/libc_nano.a(lib_a-exit.o)
                                                  /home/vahid/ARM-Toolchain/gcc-arm-none-eabi-9-2019-q4-major/bin/../lib/gcc/arm-none-eabi/9.2.1/../../../../arm-none-eabi/lib/thumb/v7-m/nofp/crt0.o
g_pfnVectors                                      build/startup_stm32f103xb.o
hUsbDeviceFS                                      build/usb_device.o
                                                  build/main.o
hardware_init_hook                                /home/vahid/ARM-Toolchain/gcc-arm-none-eabi-9-2019-q4-major/bin/../lib/gcc/arm-none-eabi/9.2.1/../../../../arm-none-eabi/lib/thumb/v7-m/nofp/crt0.o
hpcd_USB_FS                                       build/usbd_conf.o
                                                  build/stm32f1xx_it.o
key_report                                        build/main.o
main                                              build/main.o
                                                  build/startup_stm32f103xb.o
                                                  /home/vahid/ARM-Toolchain/gcc-arm-none-eabi-9-2019-q4-major/bin/../lib/gcc/arm-none-eabi/9.2.1/../../../../arm-none-eabi/lib/thumb/v7-m/nofp/crt0.o
memset                                            /home/vahid/ARM-Toolchain/gcc-arm-none-eabi-9-2019-q4-major/bin/../lib/gcc/arm-none-eabi/9.2.1/../../../../arm-none-eabi/lib/thumb/v7-m/nofp/libc_nano.a(lib_a-memset.o)
                                                  /home/vahid/ARM-Toolchain/gcc-arm-none-eabi-9-2019-q4-major/bin/../lib/gcc/arm-none-eabi/9.2.1/../../../../arm-none-eabi/lib/thumb/v7-m/nofp/crt0.o
pFlash                                            build/stm32f1xx_hal_flash.o
                                                  build/stm32f1xx_hal_flash_ex.o
software_init_hook                                /home/vahid/ARM-Toolchain/gcc-arm-none-eabi-9-2019-q4-major/bin/../lib/gcc/arm-none-eabi/9.2.1/../../../../arm-none-eabi/lib/thumb/v7-m/nofp/crt0.o
uwTick                                            build/stm32f1xx_hal.o
uwTickFreq                                        build/stm32f1xx_hal.o
uwTickPrio                                        build/stm32f1xx_hal.o
                                                  build/stm32f1xx_hal_rcc.o